Component: ARM Compiler 5.06 update 6 (build 750) Tool: armlink [4d35ed]

==============================================================================

Section Cross References

    startup_stm32f429xx.o(RESET) refers to startup_stm32f429xx.o(STACK) for __initial_sp
    startup_stm32f429xx.o(RESET) refers to startup_stm32f429xx.o(.text) for Reset_Handler
    startup_stm32f429xx.o(RESET) refers to stm32f4xx_it.o(i.SVC_Handler) for SVC_Handler
    startup_stm32f429xx.o(RESET) refers to stm32f4xx_it.o(i.PendSV_Handler) for PendSV_Handler
    startup_stm32f429xx.o(RESET) refers to stm32f4xx_it.o(i.SysTick_Handler) for SysTick_Handler
    startup_stm32f429xx.o(RESET) refers to stm32f4xx_it.o(i.TIM6_DAC_IRQHandler) for TIM6_DAC_IRQHandler
    startup_stm32f429xx.o(RESET) refers to stm32f4xx_it.o(i.LTDC_IRQHandler) for LTDC_IRQHandler
    startup_stm32f429xx.o(RESET) refers to stm32f4xx_it.o(i.DMA2D_IRQHandler) for DMA2D_IRQHandler
    startup_stm32f429xx.o(.text) refers to system_stm32f4xx.o(i.SystemInit) for SystemInit
    startup_stm32f429xx.o(.text) refers to entry.o(.ARM.Collect$$$$00000000) for __main
    main.o(i.Get_Hspi5) refers to main.o(.bss) for .bss
    main.o(i.HAL_TIM_PeriodElapsedCallback) refers to stm32f4xx_hal.o(i.HAL_IncTick) for HAL_IncTick
    main.o(i.MX_GPIO_Init) refers to stm32f4xx_hal_gpio.o(i.HAL_GPIO_WritePin) for HAL_GPIO_WritePin
    main.o(i.MX_GPIO_Init) refers to stm32f4xx_hal_gpio.o(i.HAL_GPIO_Init) for HAL_GPIO_Init
    main.o(i.MX_SPI5_Init) refers to stm32f4xx_hal_spi.o(i.HAL_SPI_Init) for HAL_SPI_Init
    main.o(i.MX_SPI5_Init) refers to main.o(.bss) for .bss
    main.o(i.MX_TIM1_Init) refers to stm32f4xx_hal_tim.o(i.HAL_TIM_Base_Init) for HAL_TIM_Base_Init
    main.o(i.MX_TIM1_Init) refers to stm32f4xx_hal_tim.o(i.HAL_TIM_ConfigClockSource) for HAL_TIM_ConfigClockSource
    main.o(i.MX_TIM1_Init) refers to stm32f4xx_hal_tim_ex.o(i.HAL_TIMEx_MasterConfigSynchronization) for HAL_TIMEx_MasterConfigSynchronization
    main.o(i.MX_TIM1_Init) refers to main.o(.bss) for .bss
    main.o(i.SystemClock_Config) refers to stm32f4xx_hal_rcc.o(i.HAL_RCC_OscConfig) for HAL_RCC_OscConfig
    main.o(i.SystemClock_Config) refers to stm32f4xx_hal_rcc.o(i.HAL_RCC_ClockConfig) for HAL_RCC_ClockConfig
    main.o(i.SystemClock_Config) refers to stm32f4xx_hal_rcc_ex.o(i.HAL_RCCEx_PeriphCLKConfig) for HAL_RCCEx_PeriphCLKConfig
    main.o(i.SystemClock_Config) refers to stm32f4xx_hal_rcc.o(i.HAL_RCC_GetHCLKFreq) for HAL_RCC_GetHCLKFreq
    main.o(i.SystemClock_Config) refers to stm32f4xx_hal_cortex.o(i.HAL_SYSTICK_Config) for HAL_SYSTICK_Config
    main.o(i.SystemClock_Config) refers to stm32f4xx_hal_cortex.o(i.HAL_SYSTICK_CLKSourceConfig) for HAL_SYSTICK_CLKSourceConfig
    main.o(i.SystemClock_Config) refers to stm32f4xx_hal_cortex.o(i.HAL_NVIC_SetPriority) for HAL_NVIC_SetPriority
    main.o(i.main) refers to stm32f4xx_hal.o(i.HAL_Init) for HAL_Init
    main.o(i.main) refers to main.o(i.SystemClock_Config) for SystemClock_Config
    main.o(i.main) refers to main.o(i.MX_GPIO_Init) for MX_GPIO_Init
    main.o(i.main) refers to stm32f4xx_hal_crc.o(i.HAL_CRC_Init) for HAL_CRC_Init
    main.o(i.main) refers to main.o(i.MX_SPI5_Init) for MX_SPI5_Init
    main.o(i.main) refers to main.o(i.MX_TIM1_Init) for MX_TIM1_Init
    main.o(i.main) refers to stemwin_wrapper.o(i.GRAPHICS_HW_Init) for GRAPHICS_HW_Init
    main.o(i.main) refers to main.o(.data) for .data
    main.o(i.main) refers to hw_init.o(.bss) for hltdc
    stm32f4xx_it.o(i.DMA2D_IRQHandler) refers to stm32f4xx_hal_dma2d.o(i.HAL_DMA2D_IRQHandler) for HAL_DMA2D_IRQHandler
    stm32f4xx_it.o(i.DMA2D_IRQHandler) refers to hw_init.o(.bss) for hdma2d
    stm32f4xx_it.o(i.LTDC_IRQHandler) refers to stm32f4xx_hal_ltdc.o(i.HAL_LTDC_IRQHandler) for HAL_LTDC_IRQHandler
    stm32f4xx_it.o(i.LTDC_IRQHandler) refers to hw_init.o(.bss) for hltdc
    stm32f4xx_it.o(i.SysTick_Handler) refers to stm32f4xx_hal_cortex.o(i.HAL_SYSTICK_IRQHandler) for HAL_SYSTICK_IRQHandler
    stm32f4xx_it.o(i.SysTick_Handler) refers to stemwin_wrapper.o(i.GRAPHICS_IncTick) for GRAPHICS_IncTick
    stm32f4xx_it.o(i.TIM6_DAC_IRQHandler) refers to stm32f4xx_hal_tim.o(i.HAL_TIM_IRQHandler) for HAL_TIM_IRQHandler
    stm32f4xx_it.o(i.TIM6_DAC_IRQHandler) refers to stm32f4xx_hal_timebase_tim.o(.bss) for htim6
    stm32f4xx_hal_msp.o(i.HAL_MspInit) refers to stm32f4xx_hal_cortex.o(i.HAL_NVIC_SetPriorityGrouping) for HAL_NVIC_SetPriorityGrouping
    stm32f4xx_hal_msp.o(i.HAL_MspInit) refers to stm32f4xx_hal_cortex.o(i.HAL_NVIC_SetPriority) for HAL_NVIC_SetPriority
    stm32f4xx_hal_msp.o(i.HAL_SPI_MspDeInit) refers to stm32f4xx_hal_gpio.o(i.HAL_GPIO_DeInit) for HAL_GPIO_DeInit
    stm32f4xx_hal_msp.o(i.HAL_SPI_MspInit) refers to stm32f4xx_hal_gpio.o(i.HAL_GPIO_Init) for HAL_GPIO_Init
    stm32f4xx_hal_timebase_tim.o(i.HAL_InitTick) refers to stm32f4xx_hal_cortex.o(i.HAL_NVIC_SetPriority) for HAL_NVIC_SetPriority
[...]
    Removing gui_sprite_anim.o(i.GUI_SPRITE_StopAnim), (60 bytes).
    Removing gui_sprite_anim.o(i._cbSprite), (184 bytes).
    Removing gui_sprite_anim.o(i._cbTimer), (150 bytes).
    Removing gui_sprite_anim.o(.data), (2 bytes).
    Removing lcd_aa.o(i.LCD_AA_EnableGamma), (36 bytes).
    Removing lcd_aa.o(i.LCD_AA_GetGamma), (32 bytes).
    Removing lcd_aa.o(i.LCD_AA_MixColors16), (72 bytes).
    Removing lcd_aa.o(i.LCD_AA_MixColors256), (24 bytes).
    Removing lcd_aa.o(i.LCD_AA_SetGamma), (32 bytes).
    Removing lcd_aa.o(i.LCD_AA_SetOrMask), (16 bytes).
    Removing lcd_aa.o(i.LCD_SetPixelAA4_NoTrans), (192 bytes).
    Removing lcd_aa.o(i.LCD_SetPixelAA4_Trans), (164 bytes).
    Removing lcd_aa.o(i.LCD_SetPixelAA8_NoTrans), (200 bytes).
    Removing lcd_aa.o(i.LCD_SetPixelAA8_Trans), (176 bytes).
    Removing lcd_aa.o(i.LCD__GetPfSetPixel), (68 bytes).
    Removing lcd_aa.o(i._MixColorsGamma16), (108 bytes).
    Removing lcd_aa.o(.data), (24 bytes).
    Removing guidev_writetoactivealpha.o(i.GUI_MEMDEV__WriteToActiveAlpha), (360 bytes).
    Removing guidev_writetoactivealpha.o(i._WriteToActiveAlpha), (416 bytes).

1790 unused section(s) (total 254173 bytes) removed from the image.

==============================================================================

Image Symbol Table

    Local Symbols

    Symbol Name                              Value     Ov Type        Size  Object(Section)

    ../Core/Src/main.c                       0x00000000   Number         0  main.o ABSOLUTE
    ../Core/Src/stm32f4xx_hal_msp.c          0x00000000   Number         0  stm32f4xx_hal_msp.o ABSOLUTE
    ../Core/Src/stm32f4xx_hal_timebase_TIM.c 0x00000000   Number         0  stm32f4xx_hal_timebase_tim.o ABSOLUTE
    ../Core/Src/stm32f4xx_it.c               0x00000000   Number         0  stm32f4xx_it.o ABSOLUTE
    ../Core/Src/system_stm32f4xx.c           0x00000000   Number         0  system_stm32f4xx.o ABSOLUTE
    ../Drivers/BSP/Components/ili9341/ili9341.c 0x00000000   Number         0  ili9341.o ABSOLUTE
    ../Drivers/STM32F4xx_HAL_Driver/Src/stm32f4xx_hal.c 0x00000000   Number         0  stm32f4xx_hal.o ABSOLUTE
    ../Drivers/STM32F4xx_HAL_Driver/Src/stm32f4xx_hal_cortex.c 0x00000000   Number         0  stm32f4xx_hal_cortex.o ABSOLUTE
    ../Drivers/STM32F4xx_HAL_Driver/Src/stm32f4xx_hal_crc.c 0x00000000   Number         0  stm32f4xx_hal_crc.o ABSOLUTE
    ../Drivers/STM32F4xx_HAL_Driver/Src/stm32f4xx_hal_dma.c 0x00000000   Number         0  stm32f4xx_hal_dma.o ABSOLUTE
    ../Drivers/STM32F4xx_HAL_Driver/Src/stm32f4xx_hal_dma2d.c 0x00000000   Number         0  stm32f4xx_hal_dma2d.o ABSOLUTE
    ../Drivers/STM32F4xx_HAL_Driver/Src/stm32f4xx_hal_dma_ex.c 0x00000000   Number         0  stm32f4xx_hal_dma_ex.o ABSOLUTE
    ../Drivers/STM32F4xx_HAL_Driver/Src/stm32f4xx_hal_dsi.c 0x00000000   Number         0  stm32f4xx_hal_dsi.o ABSOLUTE
    ../Drivers/STM32F4xx_HAL_Driver/Src/stm32f4xx_hal_flash.c 0x00000000   Number         0  stm32f4xx_hal_flash.o ABSOLUTE
    ../Drivers/STM32F4xx_HAL_Driver/Src/stm32f4xx_hal_flash_ex.c 0x00000000   Number         0  stm32f4xx_hal_flash_ex.o ABSOLUTE
    ../Drivers/STM32F4xx_HAL_Driver/Src/stm32f4xx_hal_flash_ramfunc.c 0x00000000   Number         0  stm32f4xx_hal_flash_ramfunc.o ABSOLUTE
    ../Drivers/STM32F4xx_HAL_Driver/Src/stm32f4xx_hal_gpio.c 0x00000000   Number         0  stm32f4xx_hal_gpio.o ABSOLUTE
    ../Drivers/STM32F4xx_HAL_Driver/Src/stm32f4xx_hal_ltdc.c 0x00000000   Number         0  stm32f4xx_hal_ltdc.o ABSOLUTE
    ../Drivers/STM32F4xx_HAL_Driver/Src/stm32f4xx_hal_ltdc_ex.c 0x00000000   Number         0  stm32f4xx_hal_ltdc_ex.o ABSOLUTE
    ../Drivers/STM32F4xx_HAL_Driver/Src/stm32f4xx_hal_pwr.c 0x00000000   Number         0  stm32f4xx_hal_pwr.o ABSOLUTE
    ../Drivers/STM32F4xx_HAL_Driver/Src/stm32f4xx_hal_pwr_ex.c 0x00000000   Number         0  stm32f4xx_hal_pwr_ex.o ABSOLUTE
    ../Drivers/STM32F4xx_HAL_Driver/Src/stm32f4xx_hal_rcc.c 0x00000000   Number         0  stm32f4xx_hal_rcc.o ABSOLUTE
    ../Drivers/STM32F4xx_HAL_Driver/Src/stm32f4xx_hal_rcc_ex.c 0x00000000   Number         0  stm32f4xx_hal_rcc_ex.o ABSOLUTE
    ../Drivers/STM32F4xx_HAL_Driver/Src/stm32f4xx_hal_sdram.c 0x00000000   Number         0  stm32f4xx_hal_sdram.o ABSOLUTE
    ../Drivers/STM32F4xx_HAL_Driver/Src/stm32f4xx_hal_spi.c 0x00000000   Number         0  stm32f4xx_hal_spi.o ABSOLUTE
    ../Drivers/STM32F4xx_HAL_Driver/Src/stm32f4xx_hal_tim.c 0x00000000   Number         0  stm32f4xx_hal_tim.o ABSOLUTE
    ../Drivers/STM32F4xx_HAL_Driver/Src/stm32f4xx_hal_tim_ex.c 0x00000000   Number         0  stm32f4xx_hal_tim_ex.o ABSOLUTE
    ../Drivers/STM32F4xx_HAL_Driver/Src/stm32f4xx_ll_fmc.c 0x00000000   Number         0  stm32f4xx_ll_fmc.o ABSOLUTE
    ../Middlewares/ST/STemWin/OS/GUI_X.c     0x00000000   Number         0  gui_x.o ABSOLUTE
    ../STemWin/App/GUI_App.c                 0x00000000   Number         0  gui_app.o ABSOLUTE
    ../STemWin/Target/GUIConf.c              0x00000000   Number         0  guiconf.o ABSOLUTE
    ../STemWin/Target/HW_Init.c              0x00000000   Number         0  hw_init.o ABSOLUTE
    ../STemWin/Target/STemwin_wrapper.c      0x00000000   Number         0  stemwin_wrapper.o ABSOLUTE
    ../clib/microlib/division.c              0x00000000   Number         0  uldiv.o ABSOLUTE
    ../clib/microlib/init/entry.s            0x00000000   Number         0  entry9a.o ABSOLUTE
    ../clib/microlib/init/entry.s            0x00000000   Number         0  entry8b.o ABSOLUTE
    ../clib/microlib/init/entry.s            0x00000000   Number         0  entry8a.o ABSOLUTE
    ../clib/microlib/init/entry.s            0x00000000   Number         0  entry7b.o ABSOLUTE
    ../clib/microlib/init/entry.s            0x00000000   Number         0  entry7a.o ABSOLUTE
    ../clib/microlib/init/entry.s            0x00000000   Number         0  entry5.o ABSOLUTE
    ../clib/microlib/init/entry.s            0x00000000   Number         0  entry2.o ABSOLUTE
    ../clib/microlib/init/entry.s            0x00000000   Number         0  entry.o ABSOLUTE
    ../clib/microlib/init/entry.s            0x00000000   Number         0  entry11b.o ABSOLUTE
    ../clib/microlib/init/entry.s            0x00000000   Number         0  entry11a.o ABSOLUTE
    ../clib/microlib/init/entry.s            0x00000000   Number         0  entry10b.o ABSOLUTE
    ../clib/microlib/init/entry.s            0x00000000   Number         0  entry10a.o ABSOLUTE
    ../clib/microlib/init/entry.s            0x00000000   Number         0  entry9b.o ABSOLUTE
    ../clib/microlib/longlong.c              0x00000000   Number         0  llushr.o ABSOLUTE
    ../clib/microlib/longlong.c              0x00000000   Number         0  llshl.o ABSOLUTE
    ../clib/microlib/string/memcpy.c         0x00000000   Number         0  memcpy.o ABSOLUTE
    ../clib/microlib/string/memcpy.c         0x00000000   Number         0  memmove.o ABSOLUTE
    ../clib/microlib/string/memcpy.c         0x00000000   Number         0  memmovea.o ABSOLUTE
    ../clib/microlib/string/memcpy.c         0x00000000   Number         0  memcpyb.o ABSOLUTE
    ../clib/microlib/string/memcpy.c         0x00000000   Number         0  memcpya.o ABSOLUTE
    ../clib/microlib/string/memcpy.c         0x00000000   Number         0  memmoveb.o ABSOLUTE
    ../clib/microlib/string/memcpy.c         0x00000000   Number         0  memmovec.o ABSOLUTE
    ../clib/microlib/string/memcpy.c         0x00000000   Number         0  memcpyc.o ABSOLUTE
    ../clib/microlib/string/memset.c         0x00000000   Number         0  memset.o ABSOLUTE
    ../clib/microlib/string/memset.c         0x00000000   Number         0  memseta.o ABSOLUTE
    ../clib/microlib/string/strcpy.c         0x00000000   Number         0  strcpy.o ABSOLUTE
    ..\..\..\Utilities\Third_Party\STemWin540_20170609\GUI\ConvertColor\GUICC_16.c 0x00000000   Number         0  guicc_16.o ABSOLUTE
    ..\..\..\Utilities\Third_Party\STemWin540_20170609\GUI\ConvertColor\GUICC_1616I.c 0x00000000   Number         0  guicc_1616i.o ABSOLUTE
    ..\..\..\Utilities\Third_Party\STemWin540_20170609\GUI\ConvertColor\GUICC_822216.c 0x00000000   Number         0  guicc_822216.o ABSOLUTE
    ..\..\..\Utilities\Third_Party\STemWin540_20170609\GUI\ConvertColor\GUICC_84444.c 0x00000000   Number         0  guicc_84444.o ABSOLUTE
    ..\..\..\Utilities\Third_Party\STemWin540_20170609\GUI\ConvertColor\GUICC_8666.c 0x00000000   Number         0  guicc_8666.o ABSOLUTE
    ..\..\..\Utilities\Third_Party\STemWin540_20170609\GUI\ConvertColor\GUICC_8666_1.c 0x00000000   Number         0  guicc_8666_1.o ABSOLUTE
    ..\..\..\Utilities\Third_Party\STemWin540_20170609\GUI\ConvertColor\GUICC_88666I.c 0x00000000   Number         0  guicc_88666i.o ABSOLUTE
    ..\..\..\Utilities\Third_Party\STemWin540_20170609\GUI\ConvertColor\GUICC_M1555I.c 0x00000000   Number         0  guicc_m1555i.o ABSOLUTE
    ..\..\..\Utilities\Third_Party\STemWin540_20170609\GUI\ConvertColor\GUICC_M4444I.c 0x00000000   Number         0  guicc_m4444i.o ABSOLUTE
    ..\..\..\Utilities\Third_Party\STemWin540_20170609\GUI\ConvertColor\GUICC_M8888I.c 0x00000000   Number         0  guicc_m8888i.o ABSOLUTE
    ..\..\..\Utilities\Third_Party\STemWin540_20170609\GUI\Core\GUICC_0.c 0x00000000   Number         0  guicc_0.o ABSOLUTE
    ..\..\..\Utilities\Third_Party\STemWin540_20170609\GUI\Core\GUICC_565.c 0x00000000   Number         0  guicc_565.o ABSOLUTE
    ..\..\..\Utilities\Third_Party\STemWin540_20170609\GUI\Core\GUICC_888.c 0x00000000   Number         0  guicc_888.o ABSOLUTE
    ..\..\..\Utilities\Third_Party\STemWin540_20170609\GUI\Core\GUICC_8888.c 0x00000000   Number         0  guicc_8888.o ABSOLUTE
    ..\..\..\Utilities\Third_Party\STemWin540_20170609\GUI\Core\GUICC_8888_Index2Color.c 0x00000000   Number         0  guicc_8888_index2color.o ABSOLUTE
    ..\..\..\Utilities\Third_Party\STemWin540_20170609\GUI\Core\GUICC_888_Index2Color.c 0x00000000   Number         0  guicc_888_index2color.o ABSOLUTE
    ..\..\..\Utilities\Third_Party\STemWin540_20170609\GUI\Core\GUICC_M565.c 0x00000000   Number         0  guicc_m565.o ABSOLUTE
    ..\..\..\Utilities\Third_Party\STemWin540_20170609\GUI\Core\GUICC_M888.c 0x00000000   Number         0  guicc_m888.o ABSOLUTE
    ..\..\..\Utilities\Third_Party\STemWin540_20170609\GUI\Core\GUICC_M8888.c 0x00000000   Number         0  guicc_m8888.o ABSOLUTE
    ..\..\..\Utilities\Third_Party\STemWin540_20170609\GUI\Core\GUICC_M8888I_Index2Color.c 0x00000000   Number         0  guicc_m8888i_index2color.o ABSOLUTE
    ..\..\..\Utilities\Third_Party\STemWin540_20170609\GUI\Core\GUICC_M888_Index2Color.c 0x00000000   Number         0  guicc_m888_index2color.o ABSOLUTE
    ..\..\..\Utilities\Third_Party\STemWin540_20170609\GUI\Core\GUI_Alloc.c 0x00000000   Number         0  gui_alloc.o ABSOLUTE
    ..\..\..\Utilities\Third_Party\STemWin540_20170609\GUI\Core\GUI_Char.c 0x00000000   Number         0  gui_char.o ABSOLUTE
    ..\..\..\Utilities\Third_Party\STemWin540_20170609\GUI\Core\GUI_CharLine.c 0x00000000   Number         0  gui_charline.o ABSOLUTE
    ..\..\..\Utilities\Third_Party\STemWin540_20170609\GUI\Core\GUI_CharM.c 0x00000000   Number         0  gui_charm.o ABSOLUTE
    ..\..\..\Utilities\Third_Party\STemWin540_20170609\GUI\Core\GUI_CharP.c 0x00000000   Number         0  gui_charp.o ABSOLUTE
    ..\..\..\Utilities\Third_Party\STemWin540_20170609\GUI\Core\GUI_Common.c 0x00000000   Number         0  gui_common.o ABSOLUTE
    ..\..\..\Utilities\Third_Party\STemWin540_20170609\GUI\Core\GUI_Core.c 0x00000000   Number         0  gui_core.o ABSOLUTE
    ..\..\..\Utilities\Third_Party\STemWin540_20170609\GUI\Core\GUI_Cursor.c 0x00000000   Number         0  gui_cursor.o ABSOLUTE
    ..\..\..\Utilities\Third_Party\STemWin540_20170609\GUI\Core\GUI_CursorResource.c 0x00000000   Number         0  gui_cursorresource.o ABSOLUTE
    ..\..\..\Utilities\Third_Party\STemWin540_20170609\GUI\Core\GUI_Device.c 0x00000000   Number         0  gui_device.o ABSOLUTE
    ..\..\..\Utilities\Third_Party\STemWin540_20170609\GUI\Core\GUI_DispChar.c 0x00000000   Number         0  gui_dispchar.o ABSOLUTE
    ..\..\..\Utilities\Third_Party\STemWin540_20170609\GUI\Core\GUI_DispString.c 0x00000000   Number         0  gui_dispstring.o ABSOLUTE
    ..\..\..\Utilities\Third_Party\STemWin540_20170609\GUI\Core\GUI_DrawBitmap.c 0x00000000   Number         0  gui_drawbitmap.o ABSOLUTE
    ..\..\..\Utilities\Third_Party\STemWin540_20170609\GUI\Core\GUI_MULTIBUF.c 0x00000000   Number         0  gui_multibuf.o ABSOLUTE
    ..\..\..\Utilities\Third_Party\STemWin540_20170609\GUI\Core\GUI_OnKey.c 0x00000000   Number         0  gui_onkey.o ABSOLUTE
    ..\..\..\Utilities\Third_Party\STemWin540_20170609\GUI\Core\GUI_PID.c 0x00000000   Number         0  gui_pid.o ABSOLUTE
    ..\..\..\Utilities\Third_Party\STemWin540_20170609\GUI\Core\GUI_SPRITE.c 0x00000000   Number         0  gui_sprite.o ABSOLUTE
    ..\..\..\Utilities\Third_Party\STemWin540_20170609\GUI\Core\GUI_SPRITE_Anim.c 0x00000000   Number         0  gui_sprite_anim.o ABSOLUTE
    ..\..\..\Utilities\Third_Party\STemWin540_20170609\GUI\Core\GUI_SelectLayer.c 0x00000000   Number         0  gui_selectlayer.o ABSOLUTE
    ..\..\..\Utilities\Third_Party\STemWin540_20170609\GUI\Core\GUI_SetAlpha.c 0x00000000   Number         0  gui_setalpha.o ABSOLUTE
    ..\..\..\Utilities\Third_Party\STemWin540_20170609\GUI\Core\GUI_Time.c 0x00000000   Number         0  gui_time.o ABSOLUTE
    ..\..\..\Utilities\Third_Party\STemWin540_20170609\GUI\Core\GUI_Timer.c 0x00000000   Number         0  gui_timer.o ABSOLUTE
    ..\..\..\Utilities\Third_Party\STemWin540_20170609\GUI\Core\GUI_UC.c 0x00000000   Number         0  gui_uc.o ABSOLUTE
    ..\..\..\Utilities\Third_Party\STemWin540_20170609\GUI\Core\GUI_UC_EncodeNone.c 0x00000000   Number         0  gui_uc_encodenone.o ABSOLUTE
    ..\..\..\Utilities\Third_Party\STemWin540_20170609\GUI\Core\GUI_WaitEvent.c 0x00000000   Number         0  gui_waitevent.o ABSOLUTE
    ..\..\..\Utilities\Third_Party\STemWin540_20170609\GUI\Core\GUI__Alpha.c 0x00000000   Number         0  gui__alpha.o ABSOLUTE
    ..\..\..\Utilities\Third_Party\STemWin540_20170609\GUI\Core\GUI__CompactPixelIndices.c 0x00000000   Number         0  gui__compactpixelindices.o ABSOLUTE
    ..\..\..\Utilities\Third_Party\STemWin540_20170609\GUI\Core\GUI__DivTbl.c 0x00000000   Number         0  gui__divtbl.o ABSOLUTE
    ..\..\..\Utilities\Third_Party\STemWin540_20170609\GUI\Core\GUI__ExpandPixelIndices.c 0x00000000   Number         0  gui__expandpixelindices.o ABSOLUTE
    ..\..\..\Utilities\Third_Party\STemWin540_20170609\GUI\Core\GUI__ManageCache.c 0x00000000   Number         0  gui__managecache.o ABSOLUTE
    ..\..\..\Utilities\Third_Party\STemWin540_20170609\GUI\Core\GUI__Private.c 0x00000000   Number         0  gui__private.o ABSOLUTE
    ..\..\..\Utilities\Third_Party\STemWin540_20170609\GUI\Core\GUI__SinHQ.c 0x00000000   Number         0  gui__sinhq.o ABSOLUTE
    ..\..\..\Utilities\Third_Party\STemWin540_20170609\GUI\Core\GUI__Wrap.c 0x00000000   Number         0  gui__wrap.o ABSOLUTE
    ..\..\..\Utilities\Third_Party\STemWin540_20170609\GUI\Core\LCD.c 0x00000000   Number         0  lcd.o ABSOLUTE
    ..\..\..\Utilities\Third_Party\STemWin540_20170609\GUI\Core\LCD_AA.c 0x00000000   Number         0  lcd_aa.o ABSOLUTE
    ..\..\..\Utilities\Third_Party\STemWin540_20170609\GUI\Core\LCD_Color.c 0x00000000   Number         0  lcd_color.o ABSOLUTE
    ..\..\..\Utilities\Third_Party\STemWin540_20170609\GUI\Core\LCD_GetColorIndex.c 0x00000000   Number         0  lcd_getcolorindex.o ABSOLUTE
    ..\..\..\Utilities\Third_Party\STemWin540_20170609\GUI\Core\LCD_GetEx.c 0x00000000   Number         0  lcd_getex.o ABSOLUTE
    ..\..\..\Utilities\Third_Party\STemWin540_20170609\GUI\Core\LCD_GetNumDisplays.c 0x00000000   Number         0  lcd_getnumdisplays.o ABSOLUTE
    ..\..\..\Utilities\Third_Party\STemWin540_20170609\GUI\Core\LCD_GetP.c 0x00000000   Number         0  lcd_getp.o ABSOLUTE
    ..\..\..\Utilities\Third_Party\STemWin540_20170609\GUI\Core\LCD_GetPixelColor.c 0x00000000   Number         0  lcd_getpixelcolor.o ABSOLUTE
    ..\..\..\Utilities\Third_Party\STemWin540_20170609\GUI\Core\LCD_Mirror.c 0x00000000   Number         0  lcd_mirror.o ABSOLUTE
    ..\..\..\Utilities\Third_Party\STemWin540_20170609\GUI\Core\LCD_ReadRect.c 0x00000000   Number         0  lcd_readrect.o ABSOLUTE
    ..\..\..\Utilities\Third_Party\STemWin540_20170609\GUI\Core\LCD_SelectLCD.c 0x00000000   Number         0  lcd_selectlcd.o ABSOLUTE
    ..\..\..\Utilities\Third_Party\STemWin540_20170609\GUI\Core\LCD_Set.c 0x00000000   Number         0  lcd_set.o ABSOLUTE
    ..\..\..\Utilities\Third_Party\STemWin540_20170609\GUI\Core\LCD_SetClipRectEx.c 0x00000000   Number         0  lcd_setcliprectex.o ABSOLUTE
    ..\..\..\Utilities\Third_Party\STemWin540_20170609\GUI\Core\LCD_UpdateColorIndices.c 0x00000000   Number         0  lcd_updatecolorindices.o ABSOLUTE
    ..\..\..\Utilities\Third_Party\STemWin540_20170609\GUI\DisplayDriver\GUIDRV_Lin_16.c 0x00000000   Number         0  guidrv_lin_16.o ABSOLUTE
    ..\..\..\Utilities\Third_Party\STemWin540_20170609\GUI\Font\F32_1.c 0x00000000   Number         0  f32_1.o ABSOLUTE
    ..\..\..\Utilities\Third_Party\STemWin540_20170609\GUI\Font\F32_ASCII.c 0x00000000   Number         0  f32_ascii.o ABSOLUTE
    ..\..\..\Utilities\Third_Party\STemWin540_20170609\GUI\Font\F6x8.c 0x00000000   Number         0  f6x8.o ABSOLUTE
    ..\..\..\Utilities\Third_Party\STemWin540_20170609\GUI\MemDev\GUIDEV.c 0x00000000   Number         0  guidev.o ABSOLUTE
    ..\..\..\Utilities\Third_Party\STemWin540_20170609\GUI\MemDev\GUIDEV_16.c 0x00000000   Number         0  guidev_16.o ABSOLUTE
    ..\..\..\Utilities\Third_Party\STemWin540_20170609\GUI\MemDev\GUIDEV_32.c 0x00000000   Number         0  guidev_32.o ABSOLUTE
    ..\..\..\Utilities\Third_Party\STemWin540_20170609\GUI\MemDev\GUIDEV_Banding.c 0x00000000   Number         0  guidev_banding.o ABSOLUTE
    ..\..\..\Utilities\Third_Party\STemWin540_20170609\GUI\MemDev\GUIDEV_Clear.c 0x00000000   Number         0  guidev_clear.o ABSOLUTE
    ..\..\..\Utilities\Third_Party\STemWin540_20170609\GUI\MemDev\GUIDEV_CreateFixed.c 0x00000000   Number         0  guidev_createfixed.o ABSOLUTE
    ..\..\..\Utilities\Third_Party\STemWin540_20170609\GUI\MemDev\GUIDEV_GetDataPtr.c 0x00000000   Number         0  guidev_getdataptr.o ABSOLUTE
    ..\..\..\Utilities\Third_Party\STemWin540_20170609\GUI\MemDev\GUIDEV_GetPos.c 0x00000000   Number         0  guidev_getpos.o ABSOLUTE
    ..\..\..\Utilities\Third_Party\STemWin540_20170609\GUI\MemDev\GUIDEV_GetXSize.c 0x00000000   Number         0  guidev_getxsize.o ABSOLUTE
    ..\..\..\Utilities\Third_Party\STemWin540_20170609\GUI\MemDev\GUIDEV_GetYSize.c 0x00000000   Number         0  guidev_getysize.o ABSOLUTE
    ..\..\..\Utilities\Third_Party\STemWin540_20170609\GUI\MemDev\GUIDEV_ReduceYSize.c 0x00000000   Number         0  guidev_reduceysize.o ABSOLUTE
    ..\..\..\Utilities\Third_Party\STemWin540_20170609\GUI\MemDev\GUIDEV_SetOrg.c 0x00000000   Number         0  guidev_setorg.o ABSOLUTE
    ..\..\..\Utilities\Third_Party\STemWin540_20170609\GUI\MemDev\GUIDEV_StaticDevices.c 0x00000000   Number         0  guidev_staticdevices.o ABSOLUTE
    ..\..\..\Utilities\Third_Party\STemWin540_20170609\GUI\MemDev\GUIDEV_Usage.c 0x00000000   Number         0  guidev_usage.o ABSOLUTE
    ..\..\..\Utilities\Third_Party\STemWin540_20170609\GUI\MemDev\GUIDEV_UsageBM.c 0x00000000   Number         0  guidev_usagebm.o ABSOLUTE
    ..\..\..\Utilities\Third_Party\STemWin540_20170609\GUI\MemDev\GUIDEV_Write.c 0x00000000   Number         0  guidev_write.o ABSOLUTE
    ..\..\..\Utilities\Third_Party\STemWin540_20170609\GUI\MemDev\GUIDEV_WriteToActiveAlpha.c 0x00000000   Number         0  guidev_writetoactivealpha.o ABSOLUTE
    ..\..\..\Utilities\Third_Party\STemWin540_20170609\GUI\MemDev\GUIDEV_WriteToActiveOpaque.c 0x00000000   Number         0  guidev_writetoactiveopaque.o ABSOLUTE
    ..\..\..\Utilities\Third_Party\STemWin540_20170609\GUI\WM\WM.c 0x00000000   Number         0  wm.o ABSOLUTE
    ..\..\..\Utilities\Third_Party\STemWin540_20170609\GUI\WM\WM_Lib.c 0x00000000   Number         0  wm_lib.o ABSOLUTE
    ..\..\..\Utilities\Third_Party\STemWin540_20170609\GUI\WM\WM_Move.c 0x00000000   Number         0  wm_move.o ABSOLUTE
    ..\..\..\Utilities\Third_Party\STemWin540_20170609\GUI\WM\WM_PID__GetPrevState.c 0x00000000   Number         0  wm_pid__getprevstate.o ABSOLUTE
    ..\..\..\Utilities\Third_Party\STemWin540_20170609\GUI\WM\WM_Screen2Win.c 0x00000000   Number         0  wm_screen2win.o ABSOLUTE
    ..\..\..\Utilities\Third_Party\STemWin540_20170609\GUI\WM\WM_SetCapture.c 0x00000000   Number         0  wm_setcapture.o ABSOLUTE
    ..\..\..\Utilities\Third_Party\STemWin540_20170609\GUI\WM\WM_Timer.c 0x00000000   Number         0  wm_timer.o ABSOLUTE
    ..\..\..\Utilities\Third_Party\STemWin540_20170609\GUI\WM\WM_Touch.c 0x00000000   Number         0  wm_touch.o ABSOLUTE
    ..\..\..\Utilities\Third_Party\STemWin540_20170609\GUI\WM\WM__Private.c 0x00000000   Number         0  wm__private.o ABSOLUTE
    ..\Core\Src\main.c                       0x00000000   Number         0  main.o ABSOLUTE
    ..\Core\Src\stm32f4xx_hal_msp.c          0x00000000   Number         0  stm32f4xx_hal_msp.o ABSOLUTE
    ..\Core\Src\stm32f4xx_hal_timebase_TIM.c 0x00000000   Number         0  stm32f4xx_hal_timebase_tim.o ABSOLUTE
    ..\Core\Src\stm32f4xx_it.c               0x00000000   Number         0  stm32f4xx_it.o ABSOLUTE
    ..\Core\Src\system_stm32f4xx.c           0x00000000   Number         0  system_stm32f4xx.o ABSOLUTE
    ..\Drivers\STM32F4xx_HAL_Driver\Src\stm32f4xx_hal.c 0x00000000   Number         0  stm32f4xx_hal.o ABSOLUTE
    ..\Drivers\STM32F4xx_HAL_Driver\Src\stm32f4xx_hal_cortex.c 0x00000000   Number         0  stm32f4xx_hal_cortex.o ABSOLUTE
    ..\Drivers\STM32F4xx_HAL_Driver\Src\stm32f4xx_hal_crc.c 0x00000000   Number         0  stm32f4xx_hal_crc.o ABSOLUTE
    ..\Drivers\STM32F4xx_HAL_Driver\Src\stm32f4xx_hal_dma.c 0x00000000   Number         0  stm32f4xx_hal_dma.o ABSOLUTE
    ..\Drivers\STM32F4xx_HAL_Driver\Src\stm32f4xx_hal_dma2d.c 0x00000000   Number         0  stm32f4xx_hal_dma2d.o ABSOLUTE
    ..\Drivers\STM32F4xx_HAL_Driver\Src\stm32f4xx_hal_dma_ex.c 0x00000000   Number         0  stm32f4xx_hal_dma_ex.o ABSOLUTE
    ..\Drivers\STM32F4xx_HAL_Driver\Src\stm32f4xx_hal_dsi.c 0x00000000   Number         0  stm32f4xx_hal_dsi.o ABSOLUTE
    ..\Drivers\STM32F4xx_HAL_Driver\Src\stm32f4xx_hal_flash.c 0x00000000   Number         0  stm32f4xx_hal_flash.o ABSOLUTE
    ..\Drivers\STM32F4xx_HAL_Driver\Src\stm32f4xx_hal_flash_ex.c 0x00000000   Number         0  stm32f4xx_hal_flash_ex.o ABSOLUTE
    ..\Drivers\STM32F4xx_HAL_Driver\Src\stm32f4xx_hal_flash_ramfunc.c 0x00000000   Number         0  stm32f4xx_hal_flash_ramfunc.o ABSOLUTE
    ..\Drivers\STM32F4xx_HAL_Driver\Src\stm32f4xx_hal_gpio.c 0x00000000   Number         0  stm32f4xx_hal_gpio.o ABSOLUTE
    ..\Drivers\STM32F4xx_HAL_Driver\Src\stm32f4xx_hal_ltdc.c 0x00000000   Number         0  stm32f4xx_hal_ltdc.o ABSOLUTE
    ..\Drivers\STM32F4xx_HAL_Driver\Src\stm32f4xx_hal_ltdc_ex.c 0x00000000   Number         0  stm32f4xx_hal_ltdc_ex.o ABSOLUTE
    ..\Drivers\STM32F4xx_HAL_Driver\Src\stm32f4xx_hal_pwr.c 0x00000000   Number         0  stm32f4xx_hal_pwr.o ABSOLUTE
    ..\Drivers\STM32F4xx_HAL_Driver\Src\stm32f4xx_hal_pwr_ex.c 0x00000000   Number         0  stm32f4xx_hal_pwr_ex.o ABSOLUTE
    ..\Drivers\STM32F4xx_HAL_Driver\Src\stm32f4xx_hal_rcc.c 0x00000000   Number         0  stm32f4xx_hal_rcc.o ABSOLUTE
    ..\Drivers\STM32F4xx_HAL_Driver\Src\stm32f4xx_hal_rcc_ex.c 0x00000000   Number         0  stm32f4xx_hal_rcc_ex.o ABSOLUTE
    ..\Drivers\STM32F4xx_HAL_Driver\Src\stm32f4xx_hal_sdram.c 0x00000000   Number         0  stm32f4xx_hal_sdram.o ABSOLUTE
    ..\Drivers\STM32F4xx_HAL_Driver\Src\stm32f4xx_hal_spi.c 0x00000000   Number         0  stm32f4xx_hal_spi.o ABSOLUTE
    ..\Drivers\STM32F4xx_HAL_Driver\Src\stm32f4xx_hal_tim.c 0x00000000   Number         0  stm32f4xx_hal_tim.o ABSOLUTE
    ..\Drivers\STM32F4xx_HAL_Driver\Src\stm32f4xx_hal_tim_ex.c 0x00000000   Number         0  stm32f4xx_hal_tim_ex.o ABSOLUTE
    ..\Drivers\STM32F4xx_HAL_Driver\Src\stm32f4xx_ll_fmc.c 0x00000000   Number         0  stm32f4xx_ll_fmc.o ABSOLUTE
    ..\STemWin\App\GUI_App.c                 0x00000000   Number         0  gui_app.o ABSOLUTE
    ..\STemWin\Target\HW_Init.c              0x00000000   Number         0  hw_init.o ABSOLUTE
    ..\STemWin\Target\STemwin_wrapper.c      0x00000000   Number         0  stemwin_wrapper.o ABSOLUTE
    dc.s                                     0x00000000   Number         0  dc.o ABSOLUTE
    handlers.s                               0x00000000   Number         0  handlers.o ABSOLUTE
    init.s                                   0x00000000   Number         0  init.o ABSOLUTE
    startup_stm32f429xx.s                    0x00000000   Number         0  startup_stm32f429xx.o ABSOLUTE
    RESET                                    0x08000000   Section      428  startup_stm32f429xx.o(RESET)
    .ARM.Collect$$$$00000000                 0x080001ac   Section        0  entry.o(.ARM.Collect$$$$00000000)
    .ARM.Collect$$$$00000001                 0x080001ac   Section        4  entry2.o(.ARM.Collect$$$$00000001)
    .ARM.Collect$$$$00000004                 0x080001b0   Section        4  entry5.o(.ARM.Collect$$$$00000004)
    .ARM.Collect$$$$00000008                 0x080001b4   Section        0  entry7b.o(.ARM.Collect$$$$00000008)
    .ARM.Collect$$$$0000000A                 0x080001b4   Section        0  entry8b.o(.ARM.Collect$$$$0000000A)
    .ARM.Collect$$$$0000000B                 0x080001b4   Section        8  entry9a.o(.ARM.Collect$$$$0000000B)
    .ARM.Collect$$$$0000000D                 0x080001bc   Section        0  entry10a.o(.ARM.Collect$$$$0000000D)
    .ARM.Collect$$$$0000000F                 0x080001bc   Section        0  entry11a.o(.ARM.Collect$$$$0000000F)
    .ARM.Collect$$$$00002712                 0x080001bc   Section        4  entry2.o(.ARM.Collect$$$$00002712)
    __lit__00000000                          0x080001bc   Data           4  entry2.o(.ARM.Collect$$$$00002712)
    .text                                    0x080001c0   Section       36  startup_stm32f429xx.o(.text)
    $v0                                      0x080001c0   Number         0  startup_stm32f429xx.o(.text)
    .text                                    0x080001e4   Section        0  uldiv.o(.text)
    .text                                    0x08000246   Section        0  memmove.o(.text)
    .text                                    0x08000288   Section        0  llshl.o(.text)
    .text                                    0x080002a6   Section        0  llushr.o(.text)
    .text                                    0x080002c8   Section       36  init.o(.text)
    i.DMA2D_IRQHandler                       0x080002ec   Section        0  stm32f4xx_it.o(i.DMA2D_IRQHandler)
    i.DMA2D_Init                             0x080002f8   Section        0  stemwin_wrapper.o(i.DMA2D_Init)
    i.FMC_SDRAM_Init                         0x0800035c   Section        0  stm32f4xx_ll_fmc.o(i.FMC_SDRAM_Init)
    i.FMC_SDRAM_ProgramRefreshRate           0x080003ac   Section        0  stm32f4xx_ll_fmc.o(i.FMC_SDRAM_ProgramRefreshRate)
    i.FMC_SDRAM_SendCommand                  0x080003b8   Section        0  stm32f4xx_ll_fmc.o(i.FMC_SDRAM_SendCommand)
    i.FMC_SDRAM_Timing_Init                  0x08000400   Section        0  stm32f4xx_ll_fmc.o(i.FMC_SDRAM_Timing_Init)
    i.GRAPHICS_HW_Init                       0x08000480   Section        0  stemwin_wrapper.o(i.GRAPHICS_HW_Init)
    i.GRAPHICS_IncTick                       0x0800049c   Section        0  stemwin_wrapper.o(i.GRAPHICS_IncTick)
    i.GUI_MULTIBUF_ConfirmEx                 0x080004ac   Section        0  gui_multibuf.o(i.GUI_MULTIBUF_ConfirmEx)
    i.HAL_CRC_Init                           0x080004e0   Section        0  stm32f4xx_hal_crc.o(i.HAL_CRC_Init)
    i.HAL_CRC_MspInit                        0x08000508   Section        0  stm32f4xx_hal_msp.o(i.HAL_CRC_MspInit)
    i.HAL_DMA2D_CLUTLoadingCpltCallback      0x08000530   Section        0  stm32f4xx_hal_dma2d.o(i.HAL_DMA2D_CLUTLoadingCpltCallback)
    i.HAL_DMA2D_ConfigLayer                  0x08000534   Section        0  stm32f4xx_hal_dma2d.o(i.HAL_DMA2D_ConfigLayer)
    i.HAL_DMA2D_IRQHandler                   0x080005dc   Section        0  stm32f4xx_hal_dma2d.o(i.HAL_DMA2D_IRQHandler)
    i.HAL_DMA2D_Init                         0x080006fa   Section        0  stm32f4xx_hal_dma2d.o(i.HAL_DMA2D_Init)
    i.HAL_DMA2D_LineEventCallback            0x08000754   Section        0  stm32f4xx_hal_dma2d.o(i.HAL_DMA2D_LineEventCallback)
    i.HAL_DMA2D_MspInit                      0x08000758   Section        0  hw_init.o(i.HAL_DMA2D_MspInit)
    i.HAL_Delay                              0x08000794   Section        0  stm32f4xx_hal.o(i.HAL_Delay)
    i.HAL_FMC_MspInit                        0x080007b8   Section        0  hw_init.o(i.HAL_FMC_MspInit)
    HAL_FMC_MspInit                          0x080007b9   Thumb Code   180  hw_init.o(i.HAL_FMC_MspInit)
    i.HAL_GPIO_DeInit                        0x0800088c   Section        0  stm32f4xx_hal_gpio.o(i.HAL_GPIO_DeInit)
    i.HAL_GPIO_Init                          0x080009fc   Section        0  stm32f4xx_hal_gpio.o(i.HAL_GPIO_Init)
    i.HAL_GPIO_WritePin                      0x08000bc8   Section        0  stm32f4xx_hal_gpio.o(i.HAL_GPIO_WritePin)
    i.HAL_GetTick                            0x08000bd4   Section        0  stm32f4xx_hal.o(i.HAL_GetTick)
    i.HAL_IncTick                            0x08000be0   Section        0  stm32f4xx_hal.o(i.HAL_IncTick)
    i.HAL_Init                               0x08000bf0   Section        0  stm32f4xx_hal.o(i.HAL_Init)
    i.HAL_InitTick                           0x08000c24   Section        0  stm32f4xx_hal_timebase_tim.o(i.HAL_InitTick)
    i.HAL_LTDC_ConfigLayer                   0x08000c98   Section        0  stm32f4xx_hal_ltdc.o(i.HAL_LTDC_ConfigLayer)
    i.HAL_LTDC_DeInit                        0x08000cea   Section        0  stm32f4xx_hal_ltdc.o(i.HAL_LTDC_DeInit)
    i.HAL_LTDC_ErrorCallback                 0x08000d02   Section        0  stm32f4xx_hal_ltdc.o(i.HAL_LTDC_ErrorCallback)
    i.HAL_LTDC_IRQHandler                    0x08000d04   Section        0  stm32f4xx_hal_ltdc.o(i.HAL_LTDC_IRQHandler)
    i.HAL_LTDC_Init                          0x08000dd0   Section        0  stm32f4xx_hal_ltdc.o(i.HAL_LTDC_Init)
    i.HAL_LTDC_LineEventCallback             0x08000ec4   Section        0  stemwin_wrapper.o(i.HAL_LTDC_LineEventCallback)
    i.HAL_LTDC_MspDeInit                     0x08000f10   Section        0  hw_init.o(i.HAL_LTDC_MspDeInit)
    i.HAL_LTDC_MspInit                       0x08000f88   Section        0  hw_init.o(i.HAL_LTDC_MspInit)
    i.HAL_LTDC_ProgramLineEvent              0x0800109c   Section        0  stm32f4xx_hal_ltdc.o(i.HAL_LTDC_ProgramLineEvent)
    i.HAL_LTDC_ReloadEventCallback           0x080010e0   Section        0  stm32f4xx_hal_ltdc.o(i.HAL_LTDC_ReloadEventCallback)
    i.HAL_MspInit                            0x080010e4   Section        0  stm32f4xx_hal_msp.o(i.HAL_MspInit)
    i.HAL_NVIC_DisableIRQ                    0x08001168   Section        0  stm32f4xx_hal_cortex.o(i.HAL_NVIC_DisableIRQ)
    i.HAL_NVIC_EnableIRQ                     0x0800117e   Section        0  stm32f4xx_hal_cortex.o(i.HAL_NVIC_EnableIRQ)
    i.HAL_NVIC_SetPriority                   0x08001194   Section        0  stm32f4xx_hal_cortex.o(i.HAL_NVIC_SetPriority)
    i.HAL_NVIC_SetPriorityGrouping           0x080011d4   Section        0  stm32f4xx_hal_cortex.o(i.HAL_NVIC_SetPriorityGrouping)
    i.HAL_RCCEx_PeriphCLKConfig              0x080011f8   Section        0  stm32f4xx_hal_rcc_ex.o(i.HAL_RCCEx_PeriphCLKConfig)
    i.HAL_RCC_ClockConfig                    0x0800142c   Section        0  stm32f4xx_hal_rcc.o(i.HAL_RCC_ClockConfig)
    i.HAL_RCC_GetClockConfig                 0x0800155c   Section        0  stm32f4xx_hal_rcc.o(i.HAL_RCC_GetClockConfig)
    i.HAL_RCC_GetHCLKFreq                    0x0800159c   Section        0  stm32f4xx_hal_rcc.o(i.HAL_RCC_GetHCLKFreq)
    i.HAL_RCC_GetPCLK1Freq                   0x080015a8   Section        0  stm32f4xx_hal_rcc.o(i.HAL_RCC_GetPCLK1Freq)
    i.HAL_RCC_GetSysClockFreq                0x080015c8   Section        0  stm32f4xx_hal_rcc.o(i.HAL_RCC_GetSysClockFreq)
    i.HAL_RCC_OscConfig                      0x08001628   Section        0  stm32f4xx_hal_rcc.o(i.HAL_RCC_OscConfig)
    i.HAL_SDRAM_Init                         0x08001944   Section        0  stm32f4xx_hal_sdram.o(i.HAL_SDRAM_Init)
    i.HAL_SDRAM_MspInit                      0x08001986   Section        0  hw_init.o(i.HAL_SDRAM_MspInit)
    i.HAL_SDRAM_ProgramRefreshRate           0x0800198a   Section        0  stm32f4xx_hal_sdram.o(i.HAL_SDRAM_ProgramRefreshRate)
    i.HAL_SDRAM_SendCommand                  0x080019ac   Section        0  stm32f4xx_hal_sdram.o(i.HAL_SDRAM_SendCommand)
    i.HAL_SPI_Init                           0x080019dc   Section        0  stm32f4xx_hal_spi.o(i.HAL_SPI_Init)
    i.HAL_SPI_MspInit                        0x08001a5c   Section        0  stm32f4xx_hal_msp.o(i.HAL_SPI_MspInit)
    i.HAL_SPI_Transmit                       0x08001aa8   Section        0  stm32f4xx_hal_spi.o(i.HAL_SPI_Transmit)
    i.HAL_SYSTICK_CLKSourceConfig            0x08001c10   Section        0  stm32f4xx_hal_cortex.o(i.HAL_SYSTICK_CLKSourceConfig)
    i.HAL_SYSTICK_Callback                   0x08001c28   Section        0  stm32f4xx_hal_cortex.o(i.HAL_SYSTICK_Callback)
    i.HAL_SYSTICK_Config                     0x08001c2a   Section        0  stm32f4xx_hal_cortex.o(i.HAL_SYSTICK_Config)
    i.HAL_SYSTICK_IRQHandler                 0x08001c52   Section        0  stm32f4xx_hal_cortex.o(i.HAL_SYSTICK_IRQHandler)
    i.HAL_TIMEx_BreakCallback                0x08001c5a   Section        0  stm32f4xx_hal_tim_ex.o(i.HAL_TIMEx_BreakCallback)
    i.HAL_TIMEx_CommutationCallback          0x08001c5c   Section        0  stm32f4xx_hal_tim_ex.o(i.HAL_TIMEx_CommutationCallback)
    i.HAL_TIMEx_MasterConfigSynchronization  0x08001c5e   Section        0  stm32f4xx_hal_tim_ex.o(i.HAL_TIMEx_MasterConfigSynchronization)
    i.HAL_TIM_Base_Init                      0x08001cae   Section        0  stm32f4xx_hal_tim.o(i.HAL_TIM_Base_Init)
    i.HAL_TIM_Base_MspInit                   0x08001ce4   Section        0  stm32f4xx_hal_msp.o(i.HAL_TIM_Base_MspInit)
    i.HAL_TIM_Base_Start_IT                  0x08001d0c   Section        0  stm32f4xx_hal_tim.o(i.HAL_TIM_Base_Start_IT)
    i.HAL_TIM_ConfigClockSource              0x08001d24   Section        0  stm32f4xx_hal_tim.o(i.HAL_TIM_ConfigClockSource)
    i.HAL_TIM_IC_CaptureCallback             0x08001e16   Section        0  stm32f4xx_hal_tim.o(i.HAL_TIM_IC_CaptureCallback)
    i.HAL_TIM_IRQHandler                     0x08001e18   Section        0  stm32f4xx_hal_tim.o(i.HAL_TIM_IRQHandler)
    i.HAL_TIM_OC_DelayElapsedCallback        0x08001f7e   Section        0  stm32f4xx_hal_tim.o(i.HAL_TIM_OC_DelayElapsedCallback)
    i.HAL_TIM_PWM_PulseFinishedCallback      0x08001f80   Section        0  stm32f4xx_hal_tim.o(i.HAL_TIM_PWM_PulseFinishedCallback)
    i.HAL_TIM_PeriodElapsedCallback          0x08001f84   Section        0  main.o(i.HAL_TIM_PeriodElapsedCallback)
    i.HAL_TIM_TriggerCallback                0x08001f98   Section        0  stm32f4xx_hal_tim.o(i.HAL_TIM_TriggerCallback)
    i.LCD_Delay                              0x08001f9a   Section        0  stemwin_wrapper.o(i.LCD_Delay)
    i.LCD_IO_Init                            0x08001fa0   Section        0  stemwin_wrapper.o(i.LCD_IO_Init)
    i.LCD_IO_WriteData                       0x08001fd8   Section        0  stemwin_wrapper.o(i.LCD_IO_WriteData)
    i.LCD_IO_WriteReg                        0x08002018   Section        0  stemwin_wrapper.o(i.LCD_IO_WriteReg)
    i.LCD_Index2Color_565                    0x08002058   Section        0  guicc_565.o(i.LCD_Index2Color_565)
    i.LTDC_IRQHandler                        0x08002088   Section        0  stm32f4xx_it.o(i.LTDC_IRQHandler)
    i.LTDC_SetConfig                         0x08002094   Section        0  stm32f4xx_hal_ltdc.o(i.LTDC_SetConfig)
    LTDC_SetConfig                           0x08002095   Thumb Code   354  stm32f4xx_hal_ltdc.o(i.LTDC_SetConfig)
    i.MX_DMA2D_Init                          0x080021f8   Section        0  hw_init.o(i.MX_DMA2D_Init)
    i.MX_FMC_Init                            0x08002260   Section        0  hw_init.o(i.MX_FMC_Init)
    i.MX_GPIO_Init                           0x080022d8   Section        0  main.o(i.MX_GPIO_Init)
    MX_GPIO_Init                             0x080022d9   Thumb Code   452  main.o(i.MX_GPIO_Init)
    i.MX_LCD_Init                            0x080024b8   Section        0  hw_init.o(i.MX_LCD_Init)
    i.MX_SDRAM_InitEx                        0x08002590   Section        0  hw_init.o(i.MX_SDRAM_InitEx)
    i.MX_SPI5_Init                           0x08002618   Section        0  main.o(i.MX_SPI5_Init)
    MX_SPI5_Init                             0x08002619   Thumb Code    56  main.o(i.MX_SPI5_Init)
    i.MX_TIM1_Init                           0x08002658   Section        0  main.o(i.MX_TIM1_Init)
    MX_TIM1_Init                             0x08002659   Thumb Code    70  main.o(i.MX_TIM1_Init)
    i.NVIC_SetPriority                       0x080026a8   Section        0  stm32f4xx_hal_cortex.o(i.NVIC_SetPriority)
    NVIC_SetPriority                         0x080026a9   Thumb Code    32  stm32f4xx_hal_cortex.o(i.NVIC_SetPriority)
    i.PendSV_Handler                         0x080026c8   Section        0  stm32f4xx_it.o(i.PendSV_Handler)
    i.SPI_CheckFlag_BSY                      0x080026ca   Section        0  stm32f4xx_hal_spi.o(i.SPI_CheckFlag_BSY)
    SPI_CheckFlag_BSY                        0x080026cb   Thumb Code    32  stm32f4xx_hal_spi.o(i.SPI_CheckFlag_BSY)
    i.SPI_WaitFlagStateUntilTimeout          0x080026ea   Section        0  stm32f4xx_hal_spi.o(i.SPI_WaitFlagStateUntilTimeout)
    SPI_WaitFlagStateUntilTimeout            0x080026eb   Thumb Code   150  stm32f4xx_hal_spi.o(i.SPI_WaitFlagStateUntilTimeout)
    i.SVC_Handler                            0x08002780   Section        0  stm32f4xx_it.o(i.SVC_Handler)
    i.SysTick_Handler                        0x08002782   Section        0  stm32f4xx_it.o(i.SysTick_Handler)
    i.SystemClock_Config                     0x08002790   Section        0  main.o(i.SystemClock_Config)
    i.SystemInit                             0x08002848   Section        0  system_stm32f4xx.o(i.SystemInit)
    i.TIM6_DAC_IRQHandler                    0x0800289c   Section        0  stm32f4xx_it.o(i.TIM6_DAC_IRQHandler)
    i.TIM_Base_SetConfig                     0x080028a8   Section        0  stm32f4xx_hal_tim.o(i.TIM_Base_SetConfig)
    i.TIM_ETR_SetConfig                      0x08002968   Section        0  stm32f4xx_hal_tim.o(i.TIM_ETR_SetConfig)
    TIM_ETR_SetConfig                        0x08002969   Thumb Code    20  stm32f4xx_hal_tim.o(i.TIM_ETR_SetConfig)
    i.TIM_ITRx_SetConfig                     0x0800297c   Section        0  stm32f4xx_hal_tim.o(i.TIM_ITRx_SetConfig)
    TIM_ITRx_SetConfig                       0x0800297d   Thumb Code    16  stm32f4xx_hal_tim.o(i.TIM_ITRx_SetConfig)
    i.TIM_TI1_ConfigInputStage               0x0800298c   Section        0  stm32f4xx_hal_tim.o(i.TIM_TI1_ConfigInputStage)
    TIM_TI1_ConfigInputStage                 0x0800298d   Thumb Code    34  stm32f4xx_hal_tim.o(i.TIM_TI1_ConfigInputStage)
    i.TIM_TI2_ConfigInputStage               0x080029ae   Section        0  stm32f4xx_hal_tim.o(i.TIM_TI2_ConfigInputStage)
    TIM_TI2_ConfigInputStage                 0x080029af   Thumb Code    36  stm32f4xx_hal_tim.o(i.TIM_TI2_ConfigInputStage)
    i.TransferComplete                       0x080029d4   Section        0  stemwin_wrapper.o(i.TransferComplete)
    TransferComplete                         0x080029d5   Thumb Code     8  stemwin_wrapper.o(i.TransferComplete)
    i._Color2IndexBulk                       0x080029e0   Section        0  guicc_565.o(i._Color2IndexBulk)
    _Color2IndexBulk                         0x080029e1   Thumb Code   120  guicc_565.o(i._Color2IndexBulk)
    i._Color2Index_565                       0x08002a60   Section        0  guicc_565.o(i._Color2Index_565)
    _Color2Index_565                         0x08002a61   Thumb Code    34  guicc_565.o(i._Color2Index_565)
    i._Error_Handler                         0x08002a8c   Section        0  main.o(i._Error_Handler)
    i._GetIndexMask_565                      0x08002a8e   Section        0  guicc_565.o(i._GetIndexMask_565)
    _GetIndexMask_565                        0x08002a8f   Thumb Code     6  guicc_565.o(i._GetIndexMask_565)
    i._Index2ColorBulk                       0x08002a94   Section        0  guicc_565.o(i._Index2ColorBulk)
    _Index2ColorBulk                         0x08002a95   Thumb Code   148  guicc_565.o(i._Index2ColorBulk)
    i.__scatterload_copy                     0x08002b30   Section       14  handlers.o(i.__scatterload_copy)
    i.__scatterload_null                     0x08002b3e   Section        2  handlers.o(i.__scatterload_null)
    i.__scatterload_zeroinit                 0x08002b40   Section       14  handlers.o(i.__scatterload_zeroinit)
    i.ili9341_Init                           0x08002b4e   Section        0  ili9341.o(i.ili9341_Init)
    i.main                                   0x08002de0   Section        0  main.o(i.main)
    .constdata                               0x08002e38   Section    153600  hw_init.o(.constdata)
    .constdata                               0x08028638   Section       16  system_stm32f4xx.o(.constdata)
    .constdata                               0x08028648   Section        8  system_stm32f4xx.o(.constdata)
    .constdata                               0x08028650   Section       24  guicc_565.o(.constdata)
    .constdata                               0x08028668   Section       32  gui__divtbl.o(.constdata)
    .constdata                               0x08028688   Section       64  gui__divtbl.o(.constdata)
    .constdata                               0x080286c8   Section      256  gui__divtbl.o(.constdata)
    .constdata                               0x080287c8   Section      256  gui__divtbl.o(.constdata)
    .data                                    0x20000000   Section        8  main.o(.data)
    .data                                    0x20000008   Section        8  hw_init.o(.data)
    FMC_Initialized                          0x20000008   Data           4  hw_init.o(.data)
    FMC_DeInitialized                        0x2000000c   Data           4  hw_init.o(.data)
    .data                                    0x20000010   Section        8  stemwin_wrapper.o(.data)
    apColorConvAPI                           0x20000014   Data           4  stemwin_wrapper.o(.data)
    .data                                    0x20000018   Section       12  stm32f4xx_hal.o(.data)
    .data                                    0x20000024   Section        4  system_stm32f4xx.o(.data)
    .data                                    0x20000028   Section        4  gui_x.o(.data)
    .data                                    0x2000002c   Section       44  gui_multibuf.o(.data)
    _UseSingleFrame                          0x2000002c   Data           4  gui_multibuf.o(.data)
    RegisterExit                             0x20000030   Data           8  gui_multibuf.o(.data)
    _aView                                   0x20000038   Data           8  gui_multibuf.o(.data)
    _aWork                                   0x20000040   Data           8  gui_multibuf.o(.data)
    _aLock                                   0x20000048   Data           8  gui_multibuf.o(.data)
    _aPend                                   0x20000050   Data           8  gui_multibuf.o(.data)
    .bss                                     0x20000058   Section      148  main.o(.bss)
    .bss                                     0x200000ec   Section       60  stm32f4xx_hal_timebase_tim.o(.bss)
    .bss                                     0x20000128   Section      300  hw_init.o(.bss)
    Command                                  0x20000244   Data          16  hw_init.o(.bss)
    .bss                                     0x20000254   Section       28  stemwin_wrapper.o(.bss)
    layer_prop                               0x20000254   Data          28  stemwin_wrapper.o(.bss)
    STACK                                    0x20000270   Section     1024  startup_stm32f429xx.o(STACK)

    Global Symbols

    Symbol Name                              Value     Ov Type        Size  Object(Section)

    BuildAttributes$$THM_ISAv4$E$P$D$K$B$S$7EM$VFPi3$EXTD16$VFPS$VFMA$PE$A:L22UL41UL21$X:L11$S22US41US21$IEEE1$IW$USESV6$~STKCKD$USESV7$~SHL$OTIME$EBA8$MICROLIB$REQ8$PRES8$EABIv2 0x00000000   Number         0  anon$$obj.o ABSOLUTE
    __ARM_use_no_argv                        0x00000000   Number         0  main.o ABSOLUTE
    __cpp_initialize__aeabi_                  - Undefined Weak Reference
    __cxa_finalize                            - Undefined Weak Reference
    __decompress                              - Undefined Weak Reference
    _clock_init                               - Undefined Weak Reference
    _microlib_exit                            - Undefined Weak Reference
    __Vectors_Size                           0x000001ac   Number         0  startup_stm32f429xx.o ABSOLUTE
    __Vectors                                0x08000000   Data           4  startup_stm32f429xx.o(RESET)
    __Vectors_End                            0x080001ac   Data           0  startup_stm32f429xx.o(RESET)
    __main                                   0x080001ad   Thumb Code     0  entry.o(.ARM.Collect$$$$00000000)
    _main_stk                                0x080001ad   Thumb Code     0  entry2.o(.ARM.Collect$$$$00000001)
    _main_scatterload                        0x080001b1   Thumb Code     0  entry5.o(.ARM.Collect$$$$00000004)
    __main_after_scatterload                 0x080001b5   Thumb Code     0  entry5.o(.ARM.Collect$$$$00000004)
    _main_clock                              0x080001b5   Thumb Code     0  entry7b.o(.ARM.Collect$$$$00000008)
    _main_cpp_init                           0x080001b5   Thumb Code     0  entry8b.o(.ARM.Collect$$$$0000000A)
    _main_init                               0x080001b5   Thumb Code     0  entry9a.o(.ARM.Collect$$$$0000000B)
    __rt_final_cpp                           0x080001bd   Thumb Code     0  entry10a.o(.ARM.Collect$$$$0000000D)
    __rt_final_exit                          0x080001bd   Thumb Code     0  entry11a.o(.ARM.Collect$$$$0000000F)
    Reset_Handler                            0x080001c1   Thumb Code     8  startup_stm32f429xx.o(.text)
    NMI_Handler                              0x080001c9   Thumb Code     2  startup_stm32f429xx.o(.text)
    HardFault_Handler                        0x080001cb   Thumb Code     2  startup_stm32f429xx.o(.text)
    MemManage_Handler                        0x080001cd   Thumb Code     2  startup_stm32f429xx.o(.text)
    BusFault_Handler                         0x080001cf   Thumb Code     2  startup_stm32f429xx.o(.text)
    UsageFault_Handler                       0x080001d1   Thumb Code     2  startup_stm32f429xx.o(.text)
    DebugMon_Handler                         0x080001d5   Thumb Code     2  startup_stm32f429xx.o(.text)
    ADC_IRQHandler                           0x080001db   Thumb Code     0  startup_stm32f429xx.o(.text)
    CAN1_RX0_IRQHandler                      0x080001db   Thumb Code     0  startup_stm32f429xx.o(.text)
    CAN1_RX1_IRQHandler                      0x080001db   Thumb Code     0  startup_stm32f429xx.o(.text)
    CAN1_SCE_IRQHandler                      0x080001db   Thumb Code     0  startup_stm32f429xx.o(.text)
    CAN1_TX_IRQHandler                       0x080001db   Thumb Code     0  startup_stm32f429xx.o(.text)
    CAN2_RX0_IRQHandler                      0x080001db   Thumb Code     0  startup_stm32f429xx.o(.text)
    CAN2_RX1_IRQHandler                      0x080001db   Thumb Code     0  startup_stm32f429xx.o(.text)
    CAN2_SCE_IRQHandler                      0x080001db   Thumb Code     0  startup_stm32f429xx.o(.text)
    CAN2_TX_IRQHandler                       0x080001db   Thumb Code     0  startup_stm32f429xx.o(.text)
    DCMI_IRQHandler                          0x080001db   Thumb Code     0  startup_stm32f429xx.o(.text)
    DMA1_Stream0_IRQHandler                  0x080001db   Thumb Code     0  startup_stm32f429xx.o(.text)
    DMA1_Stream1_IRQHandler                  0x080001db   Thumb Code     0  startup_stm32f429xx.o(.text)
    DMA1_Stream2_IRQHandler                  0x080001db   Thumb Code     0  startup_stm32f429xx.o(.text)
    DMA1_Stream3_IRQHandler                  0x080001db   Thumb Code     0  startup_stm32f429xx.o(.text)
    DMA1_Stream4_IRQHandler                  0x080001db   Thumb Code     0  startup_stm32f429xx.o(.text)
    DMA1_Stream5_IRQHandler                  0x080001db   Thumb Code     0  startup_stm32f429xx.o(.text)
    DMA1_Stream6_IRQHandler                  0x080001db   Thumb Code     0  startup_stm32f429xx.o(.text)
    DMA1_Stream7_IRQHandler                  0x080001db   Thumb Code     0  startup_stm32f429xx.o(.text)
    DMA2_Stream0_IRQHandler                  0x080001db   Thumb Code     0  startup_stm32f429xx.o(.text)
    DMA2_Stream1_IRQHandler                  0x080001db   Thumb Code     0  startup_stm32f429xx.o(.text)
    DMA2_Stream2_IRQHandler                  0x080001db   Thumb Code     0  startup_stm32f429xx.o(.text)
    DMA2_Stream3_IRQHandler                  0x080001db   Thumb Code     0  startup_stm32f429xx.o(.text)
    DMA2_Stream4_IRQHandler                  0x080001db   Thumb Code     0  startup_stm32f429xx.o(.text)
    DMA2_Stream5_IRQHandler                  0x080001db   Thumb Code     0  startup_stm32f429xx.o(.text)
    DMA2_Stream6_IRQHandler                  0x080001db   Thumb Code     0  startup_stm32f429xx.o(.text)
    DMA2_Stream7_IRQHandler                  0x080001db   Thumb Code     0  startup_stm32f429xx.o(.text)
    ETH_IRQHandler                           0x080001db   Thumb Code     0  startup_stm32f429xx.o(.text)
    ETH_WKUP_IRQHandler                      0x080001db   Thumb Code     0  startup_stm32f429xx.o(.text)
    EXTI0_IRQHandler                         0x080001db   Thumb Code     0  startup_stm32f429xx.o(.text)
    EXTI15_10_IRQHandler                     0x080001db   Thumb Code     0  startup_stm32f429xx.o(.text)
    EXTI1_IRQHandler                         0x080001db   Thumb Code     0  startup_stm32f429xx.o(.text)
    EXTI2_IRQHandler                         0x080001db   Thumb Code     0  startup_stm32f429xx.o(.text)
    EXTI3_IRQHandler                         0x080001db   Thumb Code     0  startup_stm32f429xx.o(.text)
    EXTI4_IRQHandler                         0x080001db   Thumb Code     0  startup_stm32f429xx.o(.text)
    EXTI9_5_IRQHandler                       0x080001db   Thumb Code     0  startup_stm32f429xx.o(.text)
    FLASH_IRQHandler                         0x080001db   Thumb Code     0  startup_stm32f429xx.o(.text)
    FMC_IRQHandler                           0x080001db   Thumb Code     0  startup_stm32f429xx.o(.text)
    FPU_IRQHandler                           0x080001db   Thumb Code     0  startup_stm32f429xx.o(.text)
    HASH_RNG_IRQHandler                      0x080001db   Thumb Code     0  startup_stm32f429xx.o(.text)
    I2C1_ER_IRQHandler                       0x080001db   Thumb Code     0  startup_stm32f429xx.o(.text)
    I2C1_EV_IRQHandler                       0x080001db   Thumb Code     0  startup_stm32f429xx.o(.text)
    I2C2_ER_IRQHandler                       0x080001db   Thumb Code     0  startup_stm32f429xx.o(.text)
    I2C2_EV_IRQHandler                       0x080001db   Thumb Code     0  startup_stm32f429xx.o(.text)
    I2C3_ER_IRQHandler                       0x080001db   Thumb Code     0  startup_stm32f429xx.o(.text)
    I2C3_EV_IRQHandler                       0x080001db   Thumb Code     0  startup_stm32f429xx.o(.text)
    LTDC_ER_IRQHandler                       0x080001db   Thumb Code     0  startup_stm32f429xx.o(.text)
    OTG_FS_IRQHandler                        0x080001db   Thumb Code     0  startup_stm32f429xx.o(.text)
    OTG_FS_WKUP_IRQHandler                   0x080001db   Thumb Code     0  startup_stm32f429xx.o(.text)
    OTG_HS_EP1_IN_IRQHandler                 0x080001db   Thumb Code     0  startup_stm32f429xx.o(.text)
    OTG_HS_EP1_OUT_IRQHandler                0x080001db   Thumb Code     0  startup_stm32f429xx.o(.text)
    OTG_HS_IRQHandler                        0x080001db   Thumb Code     0  startup_stm32f429xx.o(.text)
    OTG_HS_WKUP_IRQHandler                   0x080001db   Thumb Code     0  startup_stm32f429xx.o(.text)
    PVD_IRQHandler                           0x080001db   Thumb Code     0  startup_stm32f429xx.o(.text)
    RCC_IRQHandler                           0x080001db   Thumb Code     0  startup_stm32f429xx.o(.text)
    RTC_Alarm_IRQHandler                     0x080001db   Thumb Code     0  startup_stm32f429xx.o(.text)
    RTC_WKUP_IRQHandler                      0x080001db   Thumb Code     0  startup_stm32f429xx.o(.text)
    SAI1_IRQHandler                          0x080001db   Thumb Code     0  startup_stm32f429xx.o(.text)
    SDIO_IRQHandler                          0x080001db   Thumb Code     0  startup_stm32f429xx.o(.text)
    SPI1_IRQHandler                          0x080001db   Thumb Code     0  startup_stm32f429xx.o(.text)
    SPI2_IRQHandler                          0x080001db   Thumb Code     0  startup_stm32f429xx.o(.text)
    SPI3_IRQHandler                          0x080001db   Thumb Code     0  startup_stm32f429xx.o(.text)
    SPI4_IRQHandler                          0x080001db   Thumb Code     0  startup_stm32f429xx.o(.text)
    SPI5_IRQHandler                          0x080001db   Thumb Code     0  startup_stm32f429xx.o(.text)
    SPI6_IRQHandler                          0x080001db   Thumb Code     0  startup_stm32f429xx.o(.text)
    TAMP_STAMP_IRQHandler                    0x080001db   Thumb Code     0  startup_stm32f429xx.o(.text)
    TIM1_BRK_TIM9_IRQHandler                 0x080001db   Thumb Code     0  startup_stm32f429xx.o(.text)
    TIM1_CC_IRQHandler                       0x080001db   Thumb Code     0  startup_stm32f429xx.o(.text)
    TIM1_TRG_COM_TIM11_IRQHandler            0x080001db   Thumb Code     0  startup_stm32f429xx.o(.text)
    TIM1_UP_TIM10_IRQHandler                 0x080001db   Thumb Code     0  startup_stm32f429xx.o(.text)
    TIM2_IRQHandler                          0x080001db   Thumb Code     0  startup_stm32f429xx.o(.text)
    TIM3_IRQHandler                          0x080001db   Thumb Code     0  startup_stm32f429xx.o(.text)
    TIM4_IRQHandler                          0x080001db   Thumb Code     0  startup_stm32f429xx.o(.text)
    TIM5_IRQHandler                          0x080001db   Thumb Code     0  startup_stm32f429xx.o(.text)
    TIM7_IRQHandler                          0x080001db   Thumb Code     0  startup_stm32f429xx.o(.text)
    TIM8_BRK_TIM12_IRQHandler                0x080001db   Thumb Code     0  startup_stm32f429xx.o(.text)
    TIM8_CC_IRQHandler                       0x080001db   Thumb Code     0  startup_stm32f429xx.o(.text)
    TIM8_TRG_COM_TIM14_IRQHandler            0x080001db   Thumb Code     0  startup_stm32f429xx.o(.text)
    TIM8_UP_TIM13_IRQHandler                 0x080001db   Thumb Code     0  startup_stm32f429xx.o(.text)
    UART4_IRQHandler                         0x080001db   Thumb Code     0  startup_stm32f429xx.o(.text)
    UART5_IRQHandler                         0x080001db   Thumb Code     0  startup_stm32f429xx.o(.text)
    UART7_IRQHandler                         0x080001db   Thumb Code     0  startup_stm32f429xx.o(.text)
    UART8_IRQHandler                         0x080001db   Thumb Code     0  startup_stm32f429xx.o(.text)
    USART1_IRQHandler                        0x080001db   Thumb Code     0  startup_stm32f429xx.o(.text)
    USART2_IRQHandler                        0x080001db   Thumb Code     0  startup_stm32f429xx.o(.text)
    USART3_IRQHandler                        0x080001db   Thumb Code     0  startup_stm32f429xx.o(.text)
    USART6_IRQHandler                        0x080001db   Thumb Code     0  startup_stm32f429xx.o(.text)
    WWDG_IRQHandler                          0x080001db   Thumb Code     0  startup_stm32f429xx.o(.text)
    __aeabi_uldivmod                         0x080001e5   Thumb Code    98  uldiv.o(.text)
    ____aeabi_memcpy$ret$move                0x08000247   Thumb Code    66  memmove.o(.text)
    ____aeabi_memcpy8$ret$move               0x08000247   Thumb Code     0  memmove.o(.text)
    ___aeabi_memmove4$ret                    0x08000247   Thumb Code     0  memmove.o(.text)
    ___aeabi_memmove8$ret                    0x08000247   Thumb Code     0  memmove.o(.text)
    __aeabi_memcpy4                          0x08000247   Thumb Code     0  memmove.o(.text)
    __aeabi_memmove                          0x08000247   Thumb Code     0  memmove.o(.text)
    memcpy                                   0x08000247   Thumb Code     0  memmove.o(.text)
    memmove                                  0x08000247   Thumb Code     0  memmove.o(.text)
    __aeabi_llsl                             0x08000289   Thumb Code    30  llshl.o(.text)
    _ll_shift_l                              0x08000289   Thumb Code     0  llshl.o(.text)
    __aeabi_llsr                             0x080002a7   Thumb Code    32  llushr.o(.text)
    _ll_ushift_r                             0x080002a7   Thumb Code     0  llushr.o(.text)
    __scatterload                            0x080002c9   Thumb Code    28  init.o(.text)
    __scatterload_rt2                        0x080002c9   Thumb Code     0  init.o(.text)
    DMA2D_IRQHandler                         0x080002ed   Thumb Code     6  stm32f4xx_it.o(i.DMA2D_IRQHandler)
    DMA2D_Init                               0x080002f9   Thumb Code    54  stemwin_wrapper.o(i.DMA2D_Init)
    FMC_SDRAM_Init                           0x0800035d   Thumb Code    80  stm32f4xx_ll_fmc.o(i.FMC_SDRAM_Init)
    FMC_SDRAM_ProgramRefreshRate             0x080003ad   Thumb Code    12  stm32f4xx_ll_fmc.o(i.FMC_SDRAM_ProgramRefreshRate)
    FMC_SDRAM_SendCommand                    0x080003b9   Thumb Code    72  stm32f4xx_ll_fmc.o(i.FMC_SDRAM_SendCommand)
    FMC_SDRAM_Timing_Init                    0x08000401   Thumb Code   124  stm32f4xx_ll_fmc.o(i.FMC_SDRAM_Timing_Init)
    GRAPHICS_HW_Init                         0x08000481   Thumb Code    26  stemwin_wrapper.o(i.GRAPHICS_HW_Init)
    GRAPHICS_IncTick                         0x0800049d   Thumb Code    10  stemwin_wrapper.o(i.GRAPHICS_IncTick)
    GUI_MULTIBUF_ConfirmEx                   0x080004ad   Thumb Code    38  gui_multibuf.o(i.GUI_MULTIBUF_ConfirmEx)
    HAL_CRC_Init                             0x080004e1   Thumb Code    38  stm32f4xx_hal_crc.o(i.HAL_CRC_Init)
    HAL_CRC_MspInit                          0x08000509   Thumb Code    30  stm32f4xx_hal_msp.o(i.HAL_CRC_MspInit)
    HAL_DMA2D_CLUTLoadingCpltCallback        0x08000531   Thumb Code     2  stm32f4xx_hal_dma2d.o(i.HAL_DMA2D_CLUTLoadingCpltCallback)
    HAL_DMA2D_ConfigLayer                    0x08000535   Thumb Code   162  stm32f4xx_hal_dma2d.o(i.HAL_DMA2D_ConfigLayer)
    HAL_DMA2D_IRQHandler                     0x080005dd   Thumb Code   286  stm32f4xx_hal_dma2d.o(i.HAL_DMA2D_IRQHandler)
    HAL_DMA2D_Init                           0x080006fb   Thumb Code    90  stm32f4xx_hal_dma2d.o(i.HAL_DMA2D_Init)
    HAL_DMA2D_LineEventCallback              0x08000755   Thumb Code     2  stm32f4xx_hal_dma2d.o(i.HAL_DMA2D_LineEventCallback)
    HAL_DMA2D_MspInit                        0x08000759   Thumb Code    50  hw_init.o(i.HAL_DMA2D_MspInit)
    HAL_Delay                                0x08000795   Thumb Code    32  stm32f4xx_hal.o(i.HAL_Delay)
    HAL_GPIO_DeInit                          0x0800088d   Thumb Code   320  stm32f4xx_hal_gpio.o(i.HAL_GPIO_DeInit)
    HAL_GPIO_Init                            0x080009fd   Thumb Code   408  stm32f4xx_hal_gpio.o(i.HAL_GPIO_Init)
    HAL_GPIO_WritePin                        0x08000bc9   Thumb Code    10  stm32f4xx_hal_gpio.o(i.HAL_GPIO_WritePin)
    HAL_GetTick                              0x08000bd5   Thumb Code     6  stm32f4xx_hal.o(i.HAL_GetTick)
    HAL_IncTick                              0x08000be1   Thumb Code    12  stm32f4xx_hal.o(i.HAL_IncTick)
    HAL_Init                                 0x08000bf1   Thumb Code    48  stm32f4xx_hal.o(i.HAL_Init)
    HAL_InitTick                             0x08000c25   Thumb Code   100  stm32f4xx_hal_timebase_tim.o(i.HAL_InitTick)
    HAL_LTDC_ConfigLayer                     0x08000c99   Thumb Code    82  stm32f4xx_hal_ltdc.o(i.HAL_LTDC_ConfigLayer)
    HAL_LTDC_DeInit                          0x08000ceb   Thumb Code    24  stm32f4xx_hal_ltdc.o(i.HAL_LTDC_DeInit)
    HAL_LTDC_ErrorCallback                   0x08000d03   Thumb Code     2  stm32f4xx_hal_ltdc.o(i.HAL_LTDC_ErrorCallback)
    HAL_LTDC_IRQHandler                      0x08000d05   Thumb Code   202  stm32f4xx_hal_ltdc.o(i.HAL_LTDC_IRQHandler)
    HAL_LTDC_Init                            0x08000dd1   Thumb Code   238  stm32f4xx_hal_ltdc.o(i.HAL_LTDC_Init)
    HAL_LTDC_LineEventCallback               0x08000ec5   Thumb Code    72  stemwin_wrapper.o(i.HAL_LTDC_LineEventCallback)
    HAL_LTDC_MspDeInit                       0x08000f11   Thumb Code    88  hw_init.o(i.HAL_LTDC_MspDeInit)
    HAL_LTDC_MspInit                         0x08000f89   Thumb Code   242  hw_init.o(i.HAL_LTDC_MspInit)
    HAL_LTDC_ProgramLineEvent                0x0800109d   Thumb Code    62  stm32f4xx_hal_ltdc.o(i.HAL_LTDC_ProgramLineEvent)
    HAL_LTDC_ReloadEventCallback             0x080010e1   Thumb Code     2  stm32f4xx_hal_ltdc.o(i.HAL_LTDC_ReloadEventCallback)
    HAL_MspInit                              0x080010e5   Thumb Code   126  stm32f4xx_hal_msp.o(i.HAL_MspInit)
    HAL_NVIC_DisableIRQ                      0x08001169   Thumb Code    22  stm32f4xx_hal_cortex.o(i.HAL_NVIC_DisableIRQ)
    HAL_NVIC_EnableIRQ                       0x0800117f   Thumb Code    22  stm32f4xx_hal_cortex.o(i.HAL_NVIC_EnableIRQ)
    HAL_NVIC_SetPriority                     0x08001195   Thumb Code    60  stm32f4xx_hal_cortex.o(i.HAL_NVIC_SetPriority)
    HAL_NVIC_SetPriorityGrouping             0x080011d5   Thumb Code    26  stm32f4xx_hal_cortex.o(i.HAL_NVIC_SetPriorityGrouping)
    HAL_RCCEx_PeriphCLKConfig                0x080011f9   Thumb Code   528  stm32f4xx_hal_rcc_ex.o(i.HAL_RCCEx_PeriphCLKConfig)
    HAL_RCC_ClockConfig                      0x0800142d   Thumb Code   286  stm32f4xx_hal_rcc.o(i.HAL_RCC_ClockConfig)
    HAL_RCC_GetClockConfig                   0x0800155d   Thumb Code    54  stm32f4xx_hal_rcc.o(i.HAL_RCC_GetClockConfig)
    HAL_RCC_GetHCLKFreq                      0x0800159d   Thumb Code     6  stm32f4xx_hal_rcc.o(i.HAL_RCC_GetHCLKFreq)
    HAL_RCC_GetPCLK1Freq                     0x080015a9   Thumb Code    20  stm32f4xx_hal_rcc.o(i.HAL_RCC_GetPCLK1Freq)
    HAL_RCC_GetSysClockFreq                  0x080015c9   Thumb Code    88  stm32f4xx_hal_rcc.o(i.HAL_RCC_GetSysClockFreq)
    HAL_RCC_OscConfig                        0x08001629   Thumb Code   770  stm32f4xx_hal_rcc.o(i.HAL_RCC_OscConfig)
    HAL_SDRAM_Init                           0x08001945   Thumb Code    66  stm32f4xx_hal_sdram.o(i.HAL_SDRAM_Init)
    HAL_SDRAM_MspInit                        0x08001987   Thumb Code     4  hw_init.o(i.HAL_SDRAM_MspInit)
    HAL_SDRAM_ProgramRefreshRate             0x0800198b   Thumb Code    34  stm32f4xx_hal_sdram.o(i.HAL_SDRAM_ProgramRefreshRate)
    HAL_SDRAM_SendCommand                    0x080019ad   Thumb Code    48  stm32f4xx_hal_sdram.o(i.HAL_SDRAM_SendCommand)
    HAL_SPI_Init                             0x080019dd   Thumb Code   128  stm32f4xx_hal_spi.o(i.HAL_SPI_Init)
    HAL_SPI_MspInit                          0x08001a5d   Thumb Code    62  stm32f4xx_hal_msp.o(i.HAL_SPI_MspInit)
    HAL_SPI_Transmit                         0x08001aa9   Thumb Code   360  stm32f4xx_hal_spi.o(i.HAL_SPI_Transmit)
    HAL_SYSTICK_CLKSourceConfig              0x08001c11   Thumb Code    24  stm32f4xx_hal_cortex.o(i.HAL_SYSTICK_CLKSourceConfig)
    HAL_SYSTICK_Callback                     0x08001c29   Thumb Code     2  stm32f4xx_hal_cortex.o(i.HAL_SYSTICK_Callback)
    HAL_SYSTICK_Config                       0x08001c2b   Thumb Code    40  stm32f4xx_hal_cortex.o(i.HAL_SYSTICK_Config)
    HAL_SYSTICK_IRQHandler                   0x08001c53   Thumb Code     8  stm32f4xx_hal_cortex.o(i.HAL_SYSTICK_IRQHandler)
    HAL_TIMEx_BreakCallback                  0x08001c5b   Thumb Code     2  stm32f4xx_hal_tim_ex.o(i.HAL_TIMEx_BreakCallback)
    HAL_TIMEx_CommutationCallback            0x08001c5d   Thumb Code     2  stm32f4xx_hal_tim_ex.o(i.HAL_TIMEx_CommutationCallback)
    HAL_TIMEx_MasterConfigSynchronization    0x08001c5f   Thumb Code    80  stm32f4xx_hal_tim_ex.o(i.HAL_TIMEx_MasterConfigSynchronization)
    HAL_TIM_Base_Init                        0x08001caf   Thumb Code    54  stm32f4xx_hal_tim.o(i.HAL_TIM_Base_Init)
    HAL_TIM_Base_MspInit                     0x08001ce5   Thumb Code    30  stm32f4xx_hal_msp.o(i.HAL_TIM_Base_MspInit)
    HAL_TIM_Base_Start_IT                    0x08001d0d   Thumb Code    24  stm32f4xx_hal_tim.o(i.HAL_TIM_Base_Start_IT)
    HAL_TIM_ConfigClockSource                0x08001d25   Thumb Code   242  stm32f4xx_hal_tim.o(i.HAL_TIM_ConfigClockSource)
    HAL_TIM_IC_CaptureCallback               0x08001e17   Thumb Code     2  stm32f4xx_hal_tim.o(i.HAL_TIM_IC_CaptureCallback)
    HAL_TIM_IRQHandler                       0x08001e19   Thumb Code   358  stm32f4xx_hal_tim.o(i.HAL_TIM_IRQHandler)
    HAL_TIM_OC_DelayElapsedCallback          0x08001f7f   Thumb Code     2  stm32f4xx_hal_tim.o(i.HAL_TIM_OC_DelayElapsedCallback)
    HAL_TIM_PWM_PulseFinishedCallback        0x08001f81   Thumb Code     2  stm32f4xx_hal_tim.o(i.HAL_TIM_PWM_PulseFinishedCallback)
    HAL_TIM_PeriodElapsedCallback            0x08001f85   Thumb Code    14  main.o(i.HAL_TIM_PeriodElapsedCallback)
    HAL_TIM_TriggerCallback                  0x08001f99   Thumb Code     2  stm32f4xx_hal_tim.o(i.HAL_TIM_TriggerCallback)
    LCD_Delay                                0x08001f9b   Thumb Code     4  stemwin_wrapper.o(i.LCD_Delay)
    LCD_IO_Init                              0x08001fa1   Thumb Code    46  stemwin_wrapper.o(i.LCD_IO_Init)
    LCD_IO_WriteData                         0x08001fd9   Thumb Code    50  stemwin_wrapper.o(i.LCD_IO_WriteData)
    LCD_IO_WriteReg                          0x08002019   Thumb Code    52  stemwin_wrapper.o(i.LCD_IO_WriteReg)
    LCD_Index2Color_565                      0x08002059   Thumb Code    38  guicc_565.o(i.LCD_Index2Color_565)
    LTDC_IRQHandler                          0x08002089   Thumb Code     6  stm32f4xx_it.o(i.LTDC_IRQHandler)
    MX_DMA2D_Init                            0x080021f9   Thumb Code    66  hw_init.o(i.MX_DMA2D_Init)
    MX_FMC_Init                              0x08002261   Thumb Code    82  hw_init.o(i.MX_FMC_Init)
    MX_LCD_Init                              0x080024b9   Thumb Code   176  hw_init.o(i.MX_LCD_Init)
    MX_SDRAM_InitEx                          0x08002591   Thumb Code   132  hw_init.o(i.MX_SDRAM_InitEx)
    PendSV_Handler                           0x080026c9   Thumb Code     2  stm32f4xx_it.o(i.PendSV_Handler)
    SVC_Handler                              0x08002781   Thumb Code     2  stm32f4xx_it.o(i.SVC_Handler)
    SysTick_Handler                          0x08002783   Thumb Code    14  stm32f4xx_it.o(i.SysTick_Handler)
    SystemClock_Config                       0x08002791   Thumb Code   174  main.o(i.SystemClock_Config)
    SystemInit                               0x08002849   Thumb Code    66  system_stm32f4xx.o(i.SystemInit)
    TIM6_DAC_IRQHandler                      0x0800289d   Thumb Code     6  stm32f4xx_it.o(i.TIM6_DAC_IRQHandler)
    TIM_Base_SetConfig                       0x080028a9   Thumb Code   148  stm32f4xx_hal_tim.o(i.TIM_Base_SetConfig)
    _Error_Handler                           0x08002a8d   Thumb Code     2  main.o(i._Error_Handler)
    __scatterload_copy                       0x08002b31   Thumb Code    14  handlers.o(i.__scatterload_copy)
    __scatterload_null                       0x08002b3f   Thumb Code     2  handlers.o(i.__scatterload_null)
    __scatterload_zeroinit                   0x08002b41   Thumb Code    14  handlers.o(i.__scatterload_zeroinit)
    ili9341_Init                             0x08002b4f   Thumb Code   658  ili9341.o(i.ili9341_Init)
    main                                     0x08002de1   Thumb Code    76  main.o(i.main)
    TU_RGB565_240x320                        0x08002e38   Data       153600  hw_init.o(.constdata)
    AHBPrescTable                            0x08028638   Data          16  system_stm32f4xx.o(.constdata)
    APBPrescTable                            0x08028648   Data           8  system_stm32f4xx.o(.constdata)
    LCD_API_ColorConv_565                    0x08028650   Data          24  guicc_565.o(.constdata)
    GUI__aConvert_31_255                     0x08028668   Data          32  gui__divtbl.o(.constdata)
    GUI__aConvert_63_255                     0x08028688   Data          64  gui__divtbl.o(.constdata)
    GUI__aConvert_255_31                     0x080286c8   Data         256  gui__divtbl.o(.constdata)
    GUI__aConvert_255_63                     0x080287c8   Data         256  gui__divtbl.o(.constdata)
    Region$$Table$$Base                      0x080288c8   Number         0  anon$$obj.o(Region$$Table)
    Region$$Table$$Limit                     0x080288e8   Number         0  anon$$obj.o(Region$$Table)
    hcrc                                     0x20000000   Data           8  main.o(.data)
    TransferInProgress                       0x20000010   Data           1  stemwin_wrapper.o(.data)
    uwTickFreq                               0x20000018   Data           1  stm32f4xx_hal.o(.data)
    uwTickPrio                               0x2000001c   Data           4  stm32f4xx_hal.o(.data)
    uwTick                                   0x20000020   Data           4  stm32f4xx_hal.o(.data)
    SystemCoreClock                          0x20000024   Data           4  system_stm32f4xx.o(.data)
    OS_TimeMS                                0x20000028   Data           4  gui_x.o(.data)
    hspi5                                    0x20000058   Data          88  main.o(.bss)
    htim1                                    0x200000b0   Data          60  main.o(.bss)
    htim6                                    0x200000ec   Data          60  stm32f4xx_hal_timebase_tim.o(.bss)
    hltdc                                    0x20000128   Data         168  hw_init.o(.bss)
    hdma2d                                   0x200001d0   Data          64  hw_init.o(.bss)
    hsdram1                                  0x20000210   Data          52  hw_init.o(.bss)
    __initial_sp                             0x20000670   Data           0  startup_stm32f429xx.o(STACK)



==============================================================================

Memory Map of the image

  Image Entry point : 0x080001ad

  Load Region LR_IROM1 (Base: 0x08000000, Size: 0x00028940, Max: 0x00200000, ABSOLUTE)

    Execution Region ER_IROM1 (Exec base: 0x08000000, Load base: 0x08000000, Size: 0x000288e8, Max: 0x00200000, ABSOLUTE)

    Exec Addr    Load Addr    Size         Type   Attr      Idx    E Section Name        Object

    0x08000000   0x08000000   0x000001ac   Data   RO            3    RESET               startup_stm32f429xx.o
    0x080001ac   0x080001ac   0x00000000   Code   RO         6258  * .ARM.Collect$$$$00000000  mc_w.l(entry.o)
    0x080001ac   0x080001ac   0x00000004   Code   RO         6285    .ARM.Collect$$$$00000001  mc_w.l(entry2.o)
    0x080001b0   0x080001b0   0x00000004   Code   RO         6288    .ARM.Collect$$$$00000004  mc_w.l(entry5.o)
    0x080001b4   0x080001b4   0x00000000   Code   RO         6290    .ARM.Collect$$$$00000008  mc_w.l(entry7b.o)
    0x080001b4   0x080001b4   0x00000000   Code   RO         6292    .ARM.Collect$$$$0000000A  mc_w.l(entry8b.o)
    0x080001b4   0x080001b4   0x00000008   Code   RO         6293    .ARM.Collect$$$$0000000B  mc_w.l(entry9a.o)
    0x080001bc   0x080001bc   0x00000000   Code   RO         6295    .ARM.Collect$$$$0000000D  mc_w.l(entry10a.o)
    0x080001bc   0x080001bc   0x00000000   Code   RO         6297    .ARM.Collect$$$$0000000F  mc_w.l(entry11a.o)
    0x080001bc   0x080001bc   0x00000004   Code   RO         6286    .ARM.Collect$$$$00002712  mc_w.l(entry2.o)
    0x080001c0   0x080001c0   0x00000024   Code   RO            4    .text               startup_stm32f429xx.o
    0x080001e4   0x080001e4   0x00000062   Code   RO         6261    .text               mc_w.l(uldiv.o)
    0x08000246   0x08000246   0x00000042   Code   RO         6267    .text               mc_w.l(memmove.o)
    0x08000288   0x08000288   0x0000001e   Code   RO         6299    .text               mc_w.l(llshl.o)
    0x080002a6   0x080002a6   0x00000020   Code   RO         6301    .text               mc_w.l(llushr.o)
    0x080002c6   0x080002c6   0x00000002   PAD
    0x080002c8   0x080002c8   0x00000024   Code   RO         6303    .text               mc_w.l(init.o)
    0x080002ec   0x080002ec   0x0000000c   Code   RO          236    i.DMA2D_IRQHandler  stm32f4xx_it.o
    0x080002f8   0x080002f8   0x00000064   Code   RO          501    i.DMA2D_Init        stemwin_wrapper.o
    0x0800035c   0x0800035c   0x00000050   Code   RO         1068    i.FMC_SDRAM_Init    stm32f4xx_ll_fmc.o
    0x080003ac   0x080003ac   0x0000000c   Code   RO         1069    i.FMC_SDRAM_ProgramRefreshRate  stm32f4xx_ll_fmc.o
    0x080003b8   0x080003b8   0x00000048   Code   RO         1070    i.FMC_SDRAM_SendCommand  stm32f4xx_ll_fmc.o
    0x08000400   0x08000400   0x00000080   Code   RO         1072    i.FMC_SDRAM_Timing_Init  stm32f4xx_ll_fmc.o
    0x08000480   0x08000480   0x0000001a   Code   RO          502    i.GRAPHICS_HW_Init  stemwin_wrapper.o
    0x0800049a   0x0800049a   0x00000002   PAD
    0x0800049c   0x0800049c   0x00000010   Code   RO          503    i.GRAPHICS_IncTick  stemwin_wrapper.o
    0x080004ac   0x080004ac   0x00000034   Code   RO         4597    i.GUI_MULTIBUF_ConfirmEx  STemWin540_CM4_Keil_ot_ARGB.lib(gui_multibuf.o)
    0x080004e0   0x080004e0   0x00000026   Code   RO         1681    i.HAL_CRC_Init      stm32f4xx_hal_crc.o
    0x08000506   0x08000506   0x00000002   PAD
    0x08000508   0x08000508   0x00000028   Code   RO          295    i.HAL_CRC_MspInit   stm32f4xx_hal_msp.o
    0x08000530   0x08000530   0x00000002   Code   RO          857    i.HAL_DMA2D_CLUTLoadingCpltCallback  stm32f4xx_hal_dma2d.o
    0x08000532   0x08000532   0x00000002   PAD
    0x08000534   0x08000534   0x000000a8   Code   RO          863    i.HAL_DMA2D_ConfigLayer  stm32f4xx_hal_dma2d.o
    0x080005dc   0x080005dc   0x0000011e   Code   RO          870    i.HAL_DMA2D_IRQHandler  stm32f4xx_hal_dma2d.o
    0x080006fa   0x080006fa   0x0000005a   Code   RO          871    i.HAL_DMA2D_Init    stm32f4xx_hal_dma2d.o
    0x08000754   0x08000754   0x00000002   Code   RO          872    i.HAL_DMA2D_LineEventCallback  stm32f4xx_hal_dma2d.o
    0x08000756   0x08000756   0x00000002   PAD
    0x08000758   0x08000758   0x0000003c   Code   RO          409    i.HAL_DMA2D_MspInit  hw_init.o
    0x08000794   0x08000794   0x00000024   Code   RO         3875    i.HAL_Delay         stm32f4xx_hal.o
    0x080007b8   0x080007b8   0x000000d4   Code   RO          410    i.HAL_FMC_MspInit   hw_init.o
    0x0800088c   0x0800088c   0x00000170   Code   RO         3328    i.HAL_GPIO_DeInit   stm32f4xx_hal_gpio.o
    0x080009fc   0x080009fc   0x000001cc   Code   RO         3331    i.HAL_GPIO_Init     stm32f4xx_hal_gpio.o
    0x08000bc8   0x08000bc8   0x0000000a   Code   RO         3335    i.HAL_GPIO_WritePin  stm32f4xx_hal_gpio.o
    0x08000bd2   0x08000bd2   0x00000002   PAD
    0x08000bd4   0x08000bd4   0x0000000c   Code   RO         3883    i.HAL_GetTick       stm32f4xx_hal.o
    0x08000be0   0x08000be0   0x00000010   Code   RO         3887    i.HAL_IncTick       stm32f4xx_hal.o
    0x08000bf0   0x08000bf0   0x00000034   Code   RO         3888    i.HAL_Init          stm32f4xx_hal.o
    0x08000c24   0x08000c24   0x00000074   Code   RO          354    i.HAL_InitTick      stm32f4xx_hal_timebase_tim.o
    0x08000c98   0x08000c98   0x00000052   Code   RO         1387    i.HAL_LTDC_ConfigLayer  stm32f4xx_hal_ltdc.o
    0x08000cea   0x08000cea   0x00000018   Code   RO         1389    i.HAL_LTDC_DeInit   stm32f4xx_hal_ltdc.o
    0x08000d02   0x08000d02   0x00000002   Code   RO         1400    i.HAL_LTDC_ErrorCallback  stm32f4xx_hal_ltdc.o
    0x08000d04   0x08000d04   0x000000ca   Code   RO         1403    i.HAL_LTDC_IRQHandler  stm32f4xx_hal_ltdc.o
    0x08000dce   0x08000dce   0x00000002   PAD
    0x08000dd0   0x08000dd0   0x000000f4   Code   RO         1404    i.HAL_LTDC_Init     stm32f4xx_hal_ltdc.o
    0x08000ec4   0x08000ec4   0x0000004c   Code   RO          507    i.HAL_LTDC_LineEventCallback  stemwin_wrapper.o
    0x08000f10   0x08000f10   0x00000078   Code   RO          411    i.HAL_LTDC_MspDeInit  hw_init.o
    0x08000f88   0x08000f88   0x00000114   Code   RO          412    i.HAL_LTDC_MspInit  hw_init.o
    0x0800109c   0x0800109c   0x00000044   Code   RO         1408    i.HAL_LTDC_ProgramLineEvent  stm32f4xx_hal_ltdc.o
    0x080010e0   0x080010e0   0x00000002   Code   RO         1410    i.HAL_LTDC_ReloadEventCallback  stm32f4xx_hal_ltdc.o
    0x080010e2   0x080010e2   0x00000002   PAD
    0x080010e4   0x080010e4   0x00000084   Code   RO          296    i.HAL_MspInit       stm32f4xx_hal_msp.o
    0x08001168   0x08001168   0x00000016   Code   RO         3737    i.HAL_NVIC_DisableIRQ  stm32f4xx_hal_cortex.o
    0x0800117e   0x0800117e   0x00000016   Code   RO         3738    i.HAL_NVIC_EnableIRQ  stm32f4xx_hal_cortex.o
    0x08001194   0x08001194   0x00000040   Code   RO         3744    i.HAL_NVIC_SetPriority  stm32f4xx_hal_cortex.o
    0x080011d4   0x080011d4   0x00000024   Code   RO         3745    i.HAL_NVIC_SetPriorityGrouping  stm32f4xx_hal_cortex.o
    0x080011f8   0x080011f8   0x00000234   Code   RO         3032    i.HAL_RCCEx_PeriphCLKConfig  stm32f4xx_hal_rcc_ex.o
    0x0800142c   0x0800142c   0x00000130   Code   RO         2925    i.HAL_RCC_ClockConfig  stm32f4xx_hal_rcc.o
    0x0800155c   0x0800155c   0x00000040   Code   RO         2929    i.HAL_RCC_GetClockConfig  stm32f4xx_hal_rcc.o
    0x0800159c   0x0800159c   0x0000000c   Code   RO         2930    i.HAL_RCC_GetHCLKFreq  stm32f4xx_hal_rcc.o
    0x080015a8   0x080015a8   0x00000020   Code   RO         2932    i.HAL_RCC_GetPCLK1Freq  stm32f4xx_hal_rcc.o
    0x080015c8   0x080015c8   0x00000060   Code   RO         2934    i.HAL_RCC_GetSysClockFreq  stm32f4xx_hal_rcc.o
    0x08001628   0x08001628   0x0000031c   Code   RO         2937    i.HAL_RCC_OscConfig  stm32f4xx_hal_rcc.o
    0x08001944   0x08001944   0x00000042   Code   RO         1234    i.HAL_SDRAM_Init    stm32f4xx_hal_sdram.o
    0x08001986   0x08001986   0x00000004   Code   RO          414    i.HAL_SDRAM_MspInit  hw_init.o
    0x0800198a   0x0800198a   0x00000022   Code   RO         1237    i.HAL_SDRAM_ProgramRefreshRate  stm32f4xx_hal_sdram.o
    0x080019ac   0x080019ac   0x00000030   Code   RO         1243    i.HAL_SDRAM_SendCommand  stm32f4xx_hal_sdram.o
    0x080019dc   0x080019dc   0x00000080   Code   RO         1748    i.HAL_SPI_Init      stm32f4xx_hal_spi.o
    0x08001a5c   0x08001a5c   0x0000004c   Code   RO          298    i.HAL_SPI_MspInit   stm32f4xx_hal_msp.o
    0x08001aa8   0x08001aa8   0x00000168   Code   RO         1756    i.HAL_SPI_Transmit  stm32f4xx_hal_spi.o
    0x08001c10   0x08001c10   0x00000018   Code   RO         3747    i.HAL_SYSTICK_CLKSourceConfig  stm32f4xx_hal_cortex.o
    0x08001c28   0x08001c28   0x00000002   Code   RO         3748    i.HAL_SYSTICK_Callback  stm32f4xx_hal_cortex.o
    0x08001c2a   0x08001c2a   0x00000028   Code   RO         3749    i.HAL_SYSTICK_Config  stm32f4xx_hal_cortex.o
    0x08001c52   0x08001c52   0x00000008   Code   RO         3750    i.HAL_SYSTICK_IRQHandler  stm32f4xx_hal_cortex.o
    0x08001c5a   0x08001c5a   0x00000002   Code   RO         2685    i.HAL_TIMEx_BreakCallback  stm32f4xx_hal_tim_ex.o
    0x08001c5c   0x08001c5c   0x00000002   Code   RO         2686    i.HAL_TIMEx_CommutationCallback  stm32f4xx_hal_tim_ex.o
    0x08001c5e   0x08001c5e   0x00000050   Code   RO         2702    i.HAL_TIMEx_MasterConfigSynchronization  stm32f4xx_hal_tim_ex.o
    0x08001cae   0x08001cae   0x00000036   Code   RO         2056    i.HAL_TIM_Base_Init  stm32f4xx_hal_tim.o
    0x08001ce4   0x08001ce4   0x00000028   Code   RO          300    i.HAL_TIM_Base_MspInit  stm32f4xx_hal_msp.o
    0x08001d0c   0x08001d0c   0x00000018   Code   RO         2061    i.HAL_TIM_Base_Start_IT  stm32f4xx_hal_tim.o
    0x08001d24   0x08001d24   0x000000f2   Code   RO         2065    i.HAL_TIM_ConfigClockSource  stm32f4xx_hal_tim.o
    0x08001e16   0x08001e16   0x00000002   Code   RO         2085    i.HAL_TIM_IC_CaptureCallback  stm32f4xx_hal_tim.o
    0x08001e18   0x08001e18   0x00000166   Code   RO         2098    i.HAL_TIM_IRQHandler  stm32f4xx_hal_tim.o
    0x08001f7e   0x08001f7e   0x00000002   Code   RO         2101    i.HAL_TIM_OC_DelayElapsedCallback  stm32f4xx_hal_tim.o
    0x08001f80   0x08001f80   0x00000002   Code   RO         2128    i.HAL_TIM_PWM_PulseFinishedCallback  stm32f4xx_hal_tim.o
    0x08001f82   0x08001f82   0x00000002   PAD
    0x08001f84   0x08001f84   0x00000014   Code   RO           14    i.HAL_TIM_PeriodElapsedCallback  main.o
    0x08001f98   0x08001f98   0x00000002   Code   RO         2139    i.HAL_TIM_TriggerCallback  stm32f4xx_hal_tim.o
    0x08001f9a   0x08001f9a   0x00000004   Code   RO          508    i.LCD_Delay         stemwin_wrapper.o
    0x08001f9e   0x08001f9e   0x00000002   PAD
    0x08001fa0   0x08001fa0   0x00000038   Code   RO          509    i.LCD_IO_Init       stemwin_wrapper.o
    0x08001fd8   0x08001fd8   0x00000040   Code   RO          511    i.LCD_IO_WriteData  stemwin_wrapper.o
    0x08002018   0x08002018   0x00000040   Code   RO          512    i.LCD_IO_WriteReg   stemwin_wrapper.o
    0x08002058   0x08002058   0x00000030   Code   RO         4654    i.LCD_Index2Color_565  STemWin540_CM4_Keil_ot_ARGB.lib(guicc_565.o)
    0x08002088   0x08002088   0x0000000c   Code   RO          237    i.LTDC_IRQHandler   stm32f4xx_it.o
    0x08002094   0x08002094   0x00000162   Code   RO         1423    i.LTDC_SetConfig    stm32f4xx_hal_ltdc.o
    0x080021f6   0x080021f6   0x00000002   PAD
    0x080021f8   0x080021f8   0x00000068   Code   RO          415    i.MX_DMA2D_Init     hw_init.o
    0x08002260   0x08002260   0x00000078   Code   RO          416    i.MX_FMC_Init       hw_init.o
    0x080022d8   0x080022d8   0x000001e0   Code   RO           15    i.MX_GPIO_Init      main.o
    0x080024b8   0x080024b8   0x000000d8   Code   RO          417    i.MX_LCD_Init       hw_init.o
    0x08002590   0x08002590   0x00000088   Code   RO          418    i.MX_SDRAM_InitEx   hw_init.o
    0x08002618   0x08002618   0x00000040   Code   RO           16    i.MX_SPI5_Init      main.o
    0x08002658   0x08002658   0x00000050   Code   RO           17    i.MX_TIM1_Init      main.o
    0x080026a8   0x080026a8   0x00000020   Code   RO         3751    i.NVIC_SetPriority  stm32f4xx_hal_cortex.o
    0x080026c8   0x080026c8   0x00000002   Code   RO          238    i.PendSV_Handler    stm32f4xx_it.o
    0x080026ca   0x080026ca   0x00000020   Code   RO         1772    i.SPI_CheckFlag_BSY  stm32f4xx_hal_spi.o
    0x080026ea   0x080026ea   0x00000096   Code   RO         1790    i.SPI_WaitFlagStateUntilTimeout  stm32f4xx_hal_spi.o
    0x08002780   0x08002780   0x00000002   Code   RO          239    i.SVC_Handler       stm32f4xx_it.o
    0x08002782   0x08002782   0x0000000e   Code   RO          240    i.SysTick_Handler   stm32f4xx_it.o
    0x08002790   0x08002790   0x000000b8   Code   RO           18    i.SystemClock_Config  main.o
    0x08002848   0x08002848   0x00000054   Code   RO         4052    i.SystemInit        system_stm32f4xx.o
    0x0800289c   0x0800289c   0x0000000c   Code   RO          241    i.TIM6_DAC_IRQHandler  stm32f4xx_it.o
    0x080028a8   0x080028a8   0x000000c0   Code   RO         2140    i.TIM_Base_SetConfig  stm32f4xx_hal_tim.o
    0x08002968   0x08002968   0x00000014   Code   RO         2147    i.TIM_ETR_SetConfig  stm32f4xx_hal_tim.o
    0x0800297c   0x0800297c   0x00000010   Code   RO         2148    i.TIM_ITRx_SetConfig  stm32f4xx_hal_tim.o
    0x0800298c   0x0800298c   0x00000022   Code   RO         2154    i.TIM_TI1_ConfigInputStage  stm32f4xx_hal_tim.o
    0x080029ae   0x080029ae   0x00000024   Code   RO         2156    i.TIM_TI2_ConfigInputStage  stm32f4xx_hal_tim.o
    0x080029d2   0x080029d2   0x00000002   PAD
    0x080029d4   0x080029d4   0x0000000c   Code   RO          521    i.TransferComplete  stemwin_wrapper.o
    0x080029e0   0x080029e0   0x00000080   Code   RO         4655    i._Color2IndexBulk  STemWin540_CM4_Keil_ot_ARGB.lib(guicc_565.o)
    0x08002a60   0x08002a60   0x0000002c   Code   RO         4656    i._Color2Index_565  STemWin540_CM4_Keil_ot_ARGB.lib(guicc_565.o)
    0x08002a8c   0x08002a8c   0x00000002   Code   RO           19    i._Error_Handler    main.o
    0x08002a8e   0x08002a8e   0x00000006   Code   RO         4657    i._GetIndexMask_565  STemWin540_CM4_Keil_ot_ARGB.lib(guicc_565.o)
    0x08002a94   0x08002a94   0x0000009c   Code   RO         4658    i._Index2ColorBulk  STemWin540_CM4_Keil_ot_ARGB.lib(guicc_565.o)
    0x08002b30   0x08002b30   0x0000000e   Code   RO         6307    i.__scatterload_copy  mc_w.l(handlers.o)
    0x08002b3e   0x08002b3e   0x00000002   Code   RO         6308    i.__scatterload_null  mc_w.l(handlers.o)
    0x08002b40   0x08002b40   0x0000000e   Code   RO         6309    i.__scatterload_zeroinit  mc_w.l(handlers.o)
    0x08002b4e   0x08002b4e   0x00000292   Code   RO          787    i.ili9341_Init      ili9341.o
    0x08002de0   0x08002de0   0x00000058   Code   RO           20    i.main              main.o
    0x08002e38   0x08002e38   0x00025800   Data   RO          420    .constdata          hw_init.o
    0x08028638   0x08028638   0x00000010   Data   RO         4053    .constdata          system_stm32f4xx.o
    0x08028648   0x08028648   0x00000008   Data   RO         4054    .constdata          system_stm32f4xx.o
    0x08028650   0x08028650   0x00000018   Data   RO         4659    .constdata          STemWin540_CM4_Keil_ot_ARGB.lib(guicc_565.o)
    0x08028668   0x08028668   0x00000020   Data   RO         5066    .constdata          STemWin540_CM4_Keil_ot_ARGB.lib(gui__divtbl.o)
    0x08028688   0x08028688   0x00000040   Data   RO         5067    .constdata          STemWin540_CM4_Keil_ot_ARGB.lib(gui__divtbl.o)
    0x080286c8   0x080286c8   0x00000100   Data   RO         5069    .constdata          STemWin540_CM4_Keil_ot_ARGB.lib(gui__divtbl.o)
    0x080287c8   0x080287c8   0x00000100   Data   RO         5070    .constdata          STemWin540_CM4_Keil_ot_ARGB.lib(gui__divtbl.o)
    0x080288c8   0x080288c8   0x00000020   Data   RO         6305    Region$$Table       anon$$obj.o


    Execution Region RW_IRAM1 (Exec base: 0x20000000, Load base: 0x080288e8, Size: 0x00000670, Max: 0x00030000, ABSOLUTE)

    Exec Addr    Load Addr    Size         Type   Attr      Idx    E Section Name        Object

    0x20000000   0x080288e8   0x00000008   Data   RW           22    .data               main.o
    0x20000008   0x080288f0   0x00000008   Data   RW          421    .data               hw_init.o
    0x20000010   0x080288f8   0x00000008   Data   RW          540    .data               stemwin_wrapper.o
    0x20000018   0x08028900   0x0000000c   Data   RW         3895    .data               stm32f4xx_hal.o
    0x20000024   0x0802890c   0x00000004   Data   RW         4055    .data               system_stm32f4xx.o
    0x20000028   0x08028910   0x00000004   Data   RW         4093    .data               gui_x.o
    0x2000002c   0x08028914   0x0000002c   Data   RW         4610    .data               STemWin540_CM4_Keil_ot_ARGB.lib(gui_multibuf.o)
    0x20000058        -       0x00000094   Zero   RW           21    .bss                main.o
    0x200000ec        -       0x0000003c   Zero   RW          357    .bss                stm32f4xx_hal_timebase_tim.o
    0x20000128        -       0x0000012c   Zero   RW          419    .bss                hw_init.o
    0x20000254        -       0x0000001c   Zero   RW          539    .bss                stemwin_wrapper.o
    0x20000270        -       0x00000400   Zero   RW            1    STACK               startup_stm32f429xx.o


==============================================================================

Image component sizes


      Code (inc. data)   RO Data    RW Data    ZI Data      Debug   Object Name

         0          0          0          4          0        236   gui_x.o
      1248        228     153600          8        300       7291   hw_init.o
       658          0          0          0          0       4932   ili9341.o
       918         74          0          8        148     821319   main.o
        36          8        428          0       1024        836   startup_stm32f429xx.o
       418         96          0          8         28       8067   stemwin_wrapper.o
       116         18          0         12          0       3898   stm32f4xx_hal.o
       250         14          0          0          0      32823   stm32f4xx_hal_cortex.o
        38          0          0          0          0       1055   stm32f4xx_hal_crc.o
       548          6          0          0          0       4830   stm32f4xx_hal_dma2d.o
       838        100          0          0          0       3394   stm32f4xx_hal_gpio.o
       978         12          0          0          0       6279   stm32f4xx_hal_ltdc.o
       288         40          0          0          0       2801   stm32f4xx_hal_msp.o
      1304         80          0          0          0       5698   stm32f4xx_hal_rcc.o
       564         36          0          0          0       1596   stm32f4xx_hal_rcc_ex.o
       148          0          0          0          0       2720   stm32f4xx_hal_sdram.o
       670          0          0          0          0       4098   stm32f4xx_hal_spi.o
       984         44          0          0          0       9883   stm32f4xx_hal_tim.o
        84          0          0          0          0       2414   stm32f4xx_hal_tim_ex.o
       116         16          0          0         60       1472   stm32f4xx_hal_timebase_tim.o
        54         18          0          0          0       2820   stm32f4xx_it.o
       292          4          0          0          0       3504   stm32f4xx_ll_fmc.o
        84         18         24          4          0       1179   system_stm32f4xx.o

    ----------------------------------------------------------------------
     10656        812     154084         44       1560     933145   Object Totals
         0          0         32          0          0          0   (incl. Generated)
        22          0          0          0          0          0   (incl. Padding)

    ----------------------------------------------------------------------

      Code (inc. data)   RO Data    RW Data    ZI Data      Debug   Library Member Name

         0          0        608          0          0          0   gui__divtbl.o
        52         14          0         44          0        116   gui_multibuf.o
       382         36         24          0          0        644   guicc_565.o
         0          0          0          0          0          0   entry.o
         0          0          0          0          0          0   entry10a.o
         0          0          0          0          0          0   entry11a.o
         8          4          0          0          0          0   entry2.o
         4          0          0          0          0          0   entry5.o
         0          0          0          0          0          0   entry7b.o
         0          0          0          0          0          0   entry8b.o
         8          4          0          0          0          0   entry9a.o
        30          0          0          0          0          0   handlers.o
        36          8          0          0          0         68   init.o
        30          0          0          0          0         68   llshl.o
        32          0          0          0          0         68   llushr.o
        66          0          0          0          0         76   memmove.o
        98          0          0          0          0         92   uldiv.o

    ----------------------------------------------------------------------
       748         66        632         44          0       1132   Library Totals
         2          0          0          0          0          0   (incl. Padding)

    ----------------------------------------------------------------------

      Code (inc. data)   RO Data    RW Data    ZI Data      Debug   Library Name

       434         50        632         44          0        760   STemWin540_CM4_Keil_ot_ARGB.lib
       312         16          0          0          0        372   mc_w.l

    ----------------------------------------------------------------------
       748         66        632         44          0       1132   Library Totals

    ----------------------------------------------------------------------

==============================================================================


      Code (inc. data)   RO Data    RW Data    ZI Data      Debug   

     11404        878     154716         88       1560     924377   Grand Totals
     11404        878     154716         88       1560     924377   ELF Image Totals
     11404        878     154716         88          0          0   ROM Totals

==============================================================================

    Total RO  Size (Code + RO Data)               166120 ( 162.23kB)
    Total RW  Size (RW Data + ZI Data)              1648 (   1.61kB)
    Total ROM Size (Code + RO Data + RW Data)     166208 ( 162.31kB)

==============================================================================

